Component: ARM Compiler 5.05 update 1 (build 106) Tool: armlink [4d0efa]

==============================================================================

Section Cross References

    main.o(.text) refers to misc.o(.text) for NVIC_PriorityGroupConfig
    main.o(.text) refers to delay.o(.text) for delay_init
    main.o(.text) refers to adc.o(.text) for ADC1_Init
    main.o(.text) refers to gpio.o(.text) for IO_Init
    main.o(.text) refers to timer.o(.text) for TIM3_Int_Init
    main.o(.text) refers to usart.o(.text) for uart_init
    main.o(.text) refers to flash.o(.text) for Flash_Read
    main.o(.text) refers to timer.o(.bss) for Para
    main.o(.text) refers to usart.o(.bss) for USART2_RX_DEAL
    main.o(.text) refers to timer.o(.data) for WaterState1
    main.o(.text) refers to adc.o(.data) for ZXPT100
    main.o(.text) refers to main.o(.data) for ZdValue
    main.o(.text) refers to memseta.o(.text) for __aeabi_memclr
    main.o(.text) refers to dfltui.o(.text) for __aeabi_ui2d
    main.o(.text) refers to ddiv.o(.text) for __aeabi_ddiv
    main.o(.text) refers to dfixui.o(.text) for __aeabi_d2uiz
    main.o(.text) refers to mqtt.o(.text) for gpio_init
    main.o(.text) refers to adc.o(.bss) for ADC_ConvertedValueLocal
    main.o(.text) refers to main.o(.bss) for RecordDat
    main.o(.text) refers to usart.o(.data) for USART2_RXED
    system_stm32f10x.o(.text) refers to system_stm32f10x.o(.data) for SystemCoreClock
    gpio.o(.text) refers to stm32f10x_rcc.o(.text) for RCC_APB2PeriphClockCmd
    gpio.o(.text) refers to stm32f10x_gpio.o(.text) for GPIO_Init
    timer.o(.text) refers to stm32f10x_rcc.o(.text) for RCC_APB1PeriphClockCmd
    timer.o(.text) refers to stm32f10x_tim.o(.text) for TIM_TimeBaseInit
    timer.o(.text) refers to misc.o(.text) for NVIC_Init
    timer.o(.text) refers to timer.o(.data) for time3slice
    timer.o(.text) refers to timer.o(.bss) for Para
    adc.o(.text) refers to stm32f10x_rcc.o(.text) for RCC_AHBPeriphClockCmd
    adc.o(.text) refers to stm32f10x_gpio.o(.text) for GPIO_Init
    adc.o(.text) refers to stm32f10x_dma.o(.text) for DMA_DeInit
    adc.o(.text) refers to stm32f10x_adc.o(.text) for ADC_Init
    adc.o(.text) refers to adc.o(.bss) for ADC1_ConvertedValue
    flash.o(.text) refers to stm32f10x_flash.o(.text) for FLASH_ProgramHalfWord
    mmc_sd.o(.text) refers to spi.o(.text) for SPI1_ReadWriteByte
    mmc_sd.o(.text) refers to stm32f10x_rcc.o(.text) for RCC_APB2PeriphClockCmd
    mmc_sd.o(.text) refers to stm32f10x_gpio.o(.text) for GPIO_Init
    mmc_sd.o(.text) refers to mmc_sd.o(.data) for SD_Type
    spi.o(.text) refers to stm32f10x_spi.o(.text) for SPI_I2S_GetFlagStatus
    spi.o(.text) refers to stm32f10x_rcc.o(.text) for RCC_APB2PeriphClockCmd
    spi.o(.text) refers to stm32f10x_gpio.o(.text) for GPIO_Init
    mqtt.o(.text) refers to delay.o(.text) for delay_ms
    mqtt.o(.text) refers to strstr.o(.text) for strstr
    mqtt.o(.text) refers to stm32f10x_usart.o(.text) for USART_SendData
    mqtt.o(.text) refers to stm32f10x_rcc.o(.text) for RCC_APB2PeriphClockCmd
    mqtt.o(.text) refers to stm32f10x_gpio.o(.text) for GPIO_Init
    mqtt.o(.text) refers to dstream.o(.text) for DSTREAM_GetDataStream_Body_Measure
    mqtt.o(.text) refers to mqttkit.o(.text) for MQTT_PacketSaveData
    mqtt.o(.text) refers to usart.o(.data) for UART5_RX_P
    mqtt.o(.text) refers to usart.o(.bss) for UART5_RX_BUF
    mqtt.o(.text) refers to mqtt.o(.data) for gps
    mqtt.o(.data) refers to mqtt.o(.conststring) for .conststring
    mqtt.o(.data) refers to timer.o(.bss) for Para
    delay.o(.text) refers to misc.o(.text) for SysTick_CLKSourceConfig
    delay.o(.text) refers to delay.o(.data) for fac_us
    usart.o(.text) refers to stm32f10x_rcc.o(.text) for RCC_APB2PeriphClockCmd
    usart.o(.text) refers to stm32f10x_gpio.o(.text) for GPIO_Init
    usart.o(.text) refers to misc.o(.text) for NVIC_Init
    usart.o(.text) refers to stm32f10x_usart.o(.text) for USART_Init
    usart.o(.text) refers to usart.o(.data) for LastRcv
    usart.o(.text) refers to usart.o(.bss) for USART_RX_BUF
    usart.o(.text) refers to memcpya.o(.text) for __aeabi_memcpy
    usart.o(.text) refers to strlen.o(.text) for strlen
    startup_stm32f10x_hd.o(RESET) refers to startup_stm32f10x_hd.o(STACK) for __initial_sp
    startup_stm32f10x_hd.o(RESET) refers to startup_stm32f10x_hd.o(.text) for Reset_Handler
    startup_stm32f10x_hd.o(RESET) refers to timer.o(.text) for TIM2_IRQHandler
    startup_stm32f10x_hd.o(RESET) refers to usart.o(.text) for USART1_IRQHandler
    startup_stm32f10x_hd.o(.text) refers to system_stm32f10x.o(.text) for SystemInit
    startup_stm32f10x_hd.o(.text) refers to entry.o(.ARM.Collect$$$$00000000) for __main
    stm32f10x_adc.o(.text) refers to stm32f10x_rcc.o(.text) for RCC_APB2PeriphResetCmd
    stm32f10x_gpio.o(.text) refers to stm32f10x_rcc.o(.text) for RCC_APB2PeriphResetCmd
    stm32f10x_rcc.o(.text) refers to stm32f10x_rcc.o(.data) for APBAHBPrescTable
[...]
    f2d.o(.text) refers (Special) to iusefp.o(.text) for __I$use$fp
    entry2.o(.ARM.Collect$$$$00000001) refers to entry2.o(.ARM.Collect$$$$00002712) for __lit__00000000
    entry2.o(.ARM.Collect$$$$00002712) refers to startup_stm32f10x_hd.o(STACK) for __initial_sp
    entry2.o(__vectab_stack_and_reset_area) refers to startup_stm32f10x_hd.o(STACK) for __initial_sp
    entry2.o(__vectab_stack_and_reset_area) refers to entry.o(.ARM.Collect$$$$00000000) for __main
    entry5.o(.ARM.Collect$$$$00000004) refers to init.o(.text) for __scatterload
    entry9a.o(.ARM.Collect$$$$0000000B) refers to main.o(.text) for main
    entry9b.o(.ARM.Collect$$$$0000000C) refers to main.o(.text) for main
    uldiv.o(.text) refers to llushr.o(.text) for __aeabi_llsr
    uldiv.o(.text) refers to llshl.o(.text) for __aeabi_llsl
    depilogue.o(.text) refers to llshl.o(.text) for __aeabi_llsl
    depilogue.o(.text) refers to llushr.o(.text) for __aeabi_llsr
    dadd.o(.text) refers to llshl.o(.text) for __aeabi_llsl
    dadd.o(.text) refers to llsshr.o(.text) for __aeabi_lasr
    dadd.o(.text) refers to depilogue.o(.text) for _double_epilogue
    dmul.o(.text) refers to depilogue.o(.text) for _double_epilogue
    dfixul.o(.text) refers to llushr.o(.text) for __aeabi_llsr
    dfixul.o(.text) refers to llshl.o(.text) for __aeabi_llsl
    init.o(.text) refers to entry5.o(.ARM.Collect$$$$00000004) for __main_after_scatterload


==============================================================================

Removing Unused input sections from the image.

    Removing main.o(.constdata), (19 bytes).
    Removing mmc_sd.o(.text), (1276 bytes).
    Removing mmc_sd.o(.data), (1 bytes).
    Removing spi.o(.text), (224 bytes).
    Removing sys.o(.emb_text), (6 bytes).
    Removing sys.o(.text), (12 bytes).
    Removing core_cm3.o(.emb_text), (32 bytes).
    Removing stm32f10x_exti.o(.text), (284 bytes).
    Removing stm32f10x_spi.o(.text), (780 bytes).

9 unused section(s) (total 2634 bytes) removed from the image.

==============================================================================

Image Symbol Table

    Local Symbols

    Symbol Name                              Value     Ov Type        Size  Object(Section)

    ../clib/../cmprslib/zerorunl2.c          0x00000000   Number         0  __dczerorl2.o ABSOLUTE
    ../clib/microlib/division.c              0x00000000   Number         0  uldiv.o ABSOLUTE
    ../clib/microlib/division.c              0x00000000   Number         0  uidiv.o ABSOLUTE
    ../clib/microlib/init/entry.s            0x00000000   Number         0  entry9a.o ABSOLUTE
    ../clib/microlib/init/entry.s            0x00000000   Number         0  entry2.o ABSOLUTE
    ../clib/microlib/init/entry.s            0x00000000   Number         0  entry8b.o ABSOLUTE
    ../clib/microlib/init/entry.s            0x00000000   Number         0  entry5.o ABSOLUTE
    ../clib/microlib/init/entry.s            0x00000000   Number         0  entry8a.o ABSOLUTE
    ../clib/microlib/init/entry.s            0x00000000   Number         0  entry7a.o ABSOLUTE
    ../clib/microlib/init/entry.s            0x00000000   Number         0  entry7b.o ABSOLUTE
    ../clib/microlib/init/entry.s            0x00000000   Number         0  entry11b.o ABSOLUTE
    ../clib/microlib/init/entry.s            0x00000000   Number         0  entry11a.o ABSOLUTE
    ../clib/microlib/init/entry.s            0x00000000   Number         0  entry10b.o ABSOLUTE
    ../clib/microlib/init/entry.s            0x00000000   Number         0  entry10a.o ABSOLUTE
    ../clib/microlib/init/entry.s            0x00000000   Number         0  entry9b.o ABSOLUTE
    ../clib/microlib/init/entry.s            0x00000000   Number         0  entry.o ABSOLUTE
    ../clib/microlib/longlong.c              0x00000000   Number         0  llsshr.o ABSOLUTE
    ../clib/microlib/longlong.c              0x00000000   Number         0  llshl.o ABSOLUTE
    ../clib/microlib/longlong.c              0x00000000   Number         0  llushr.o ABSOLUTE
    ../clib/microlib/malloc/malloc.c         0x00000000   Number         0  malloc.o ABSOLUTE
    ../clib/microlib/malloc/malloc.c         0x00000000   Number         0  mallocra.o ABSOLUTE
    ../clib/microlib/malloc/malloc.c         0x00000000   Number         0  malloca.o ABSOLUTE
    ../clib/microlib/malloc/malloc.c         0x00000000   Number         0  mallocr.o ABSOLUTE
    ../clib/microlib/malloc/mvars.c          0x00000000   Number         0  mvars.o ABSOLUTE
    ../clib/microlib/printf/printf.c         0x00000000   Number         0  printf1.o ABSOLUTE
    ../clib/microlib/printf/printf.c         0x00000000   Number         0  printf0.o ABSOLUTE
    ../clib/microlib/printf/printf.c         0x00000000   Number         0  printfb.o ABSOLUTE
    ../clib/microlib/printf/printf.c         0x00000000   Number         0  printfa.o ABSOLUTE
    ../clib/microlib/printf/printf.c         0x00000000   Number         0  printf8.o ABSOLUTE
    ../clib/microlib/printf/printf.c         0x00000000   Number         0  printf2.o ABSOLUTE
    ../clib/microlib/printf/printf.c         0x00000000   Number         0  printf7.o ABSOLUTE
    ../clib/microlib/printf/printf.c         0x00000000   Number         0  printf6.o ABSOLUTE
    ../clib/microlib/printf/printf.c         0x00000000   Number         0  printf3.o ABSOLUTE
    ../clib/microlib/printf/printf.c         0x00000000   Number         0  printf5.o ABSOLUTE
    ../clib/microlib/printf/printf.c         0x00000000   Number         0  printf4.o ABSOLUTE
    ../clib/microlib/printf/stubs.s          0x00000000   Number         0  stubs.o ABSOLUTE
    ../clib/microlib/string/memcpy.c         0x00000000   Number         0  memcpyb.o ABSOLUTE
    ../clib/microlib/string/memcpy.c         0x00000000   Number         0  memcpya.o ABSOLUTE
    ../clib/microlib/string/memset.c         0x00000000   Number         0  memseta.o ABSOLUTE
    ../clib/microlib/string/strchr.c         0x00000000   Number         0  strchr.o ABSOLUTE
    ../clib/microlib/string/strlen.c         0x00000000   Number         0  strlen.o ABSOLUTE
    ../clib/microlib/string/strncat.c        0x00000000   Number         0  strncat.o ABSOLUTE
    ../clib/microlib/string/strstr.c         0x00000000   Number         0  strstr.o ABSOLUTE
    ../clib/microlib/stubs.s                 0x00000000   Number         0  useno.o ABSOLUTE
    ../clib/microlib/stubs.s                 0x00000000   Number         0  iusefp.o ABSOLUTE
    ../fplib/microlib/f2d.c                  0x00000000   Number         0  f2d.o ABSOLUTE
    ../fplib/microlib/fpadd.c                0x00000000   Number         0  dadd.o ABSOLUTE
    ../fplib/microlib/fpdiv.c                0x00000000   Number         0  ddiv.o ABSOLUTE
    ../fplib/microlib/fpepilogue.c           0x00000000   Number         0  depilogue.o ABSOLUTE
    ../fplib/microlib/fpfix.c                0x00000000   Number         0  dfixul.o ABSOLUTE
    ../fplib/microlib/fpfix.c                0x00000000   Number         0  dfixui.o ABSOLUTE
    ../fplib/microlib/fpflt.c                0x00000000   Number         0  dfltui.o ABSOLUTE
    ../fplib/microlib/fpmul.c                0x00000000   Number         0  dmul.o ABSOLUTE
    ..\CORE\core_cm3.c                       0x00000000   Number         0  core_cm3.o ABSOLUTE
    ..\CORE\startup_stm32f10x_hd.s           0x00000000   Number         0  startup_stm32f10x_hd.o ABSOLUTE
    ..\HARDWARE\ADC\adc.c                    0x00000000   Number         0  adc.o ABSOLUTE
    ..\HARDWARE\FLASH\flash.c                0x00000000   Number         0  flash.o ABSOLUTE
    ..\HARDWARE\GPIO\gpio.c                  0x00000000   Number         0  gpio.o ABSOLUTE
    ..\HARDWARE\SD\MMC_SD.C                  0x00000000   Number         0  mmc_sd.o ABSOLUTE
    ..\HARDWARE\SPI\spi.c                    0x00000000   Number         0  spi.o ABSOLUTE
    ..\HARDWARE\TIMER\timer.c                0x00000000   Number         0  timer.o ABSOLUTE
    ..\STM32F10x_FWLib\src\misc.c            0x00000000   Number         0  misc.o ABSOLUTE
    ..\STM32F10x_FWLib\src\stm32f10x_adc.c   0x00000000   Number         0  stm32f10x_adc.o ABSOLUTE
    ..\STM32F10x_FWLib\src\stm32f10x_dma.c   0x00000000   Number         0  stm32f10x_dma.o ABSOLUTE
    ..\STM32F10x_FWLib\src\stm32f10x_exti.c  0x00000000   Number         0  stm32f10x_exti.o ABSOLUTE
    ..\STM32F10x_FWLib\src\stm32f10x_flash.c 0x00000000   Number         0  stm32f10x_flash.o ABSOLUTE
    ..\STM32F10x_FWLib\src\stm32f10x_gpio.c  0x00000000   Number         0  stm32f10x_gpio.o ABSOLUTE
    ..\STM32F10x_FWLib\src\stm32f10x_rcc.c   0x00000000   Number         0  stm32f10x_rcc.o ABSOLUTE
    ..\STM32F10x_FWLib\src\stm32f10x_spi.c   0x00000000   Number         0  stm32f10x_spi.o ABSOLUTE
    ..\STM32F10x_FWLib\src\stm32f10x_tim.c   0x00000000   Number         0  stm32f10x_tim.o ABSOLUTE
    ..\STM32F10x_FWLib\src\stm32f10x_usart.c 0x00000000   Number         0  stm32f10x_usart.o ABSOLUTE
    ..\SYSTEM\delay\delay.c                  0x00000000   Number         0  delay.o ABSOLUTE
    ..\SYSTEM\sys\sys.c                      0x00000000   Number         0  sys.o ABSOLUTE
    ..\SYSTEM\usart\usart.c                  0x00000000   Number         0  usart.o ABSOLUTE
    ..\\CORE\\core_cm3.c                     0x00000000   Number         0  core_cm3.o ABSOLUTE
    ..\\SYSTEM\\sys\\sys.c                   0x00000000   Number         0  sys.o ABSOLUTE
    MqttKit.c                                0x00000000   Number         0  mqttkit.o ABSOLUTE
    cdrcmple.s                               0x00000000   Number         0  cdrcmple.o ABSOLUTE
    dStream.c                                0x00000000   Number         0  dstream.o ABSOLUTE
    dc.s                                     0x00000000   Number         0  dc.o ABSOLUTE
    handlers.s                               0x00000000   Number         0  handlers.o ABSOLUTE
    init.s                                   0x00000000   Number         0  init.o ABSOLUTE
    main.c                                   0x00000000   Number         0  main.o ABSOLUTE
    mqtt.c                                   0x00000000   Number         0  mqtt.o ABSOLUTE
    system_stm32f10x.c                       0x00000000   Number         0  system_stm32f10x.o ABSOLUTE
    RESET                                    0x08000000   Section      304  startup_stm32f10x_hd.o(RESET)
    .ARM.Collect$$$$00000000                 0x08000130   Section        0  entry.o(.ARM.Collect$$$$00000000)
    .ARM.Collect$$$$00000001                 0x08000130   Section        4  entry2.o(.ARM.Collect$$$$00000001)
    .ARM.Collect$$$$00000004                 0x08000134   Section        4  entry5.o(.ARM.Collect$$$$00000004)
    .ARM.Collect$$$$00000008                 0x08000138   Section        0  entry7b.o(.ARM.Collect$$$$00000008)
    .ARM.Collect$$$$0000000A                 0x08000138   Section        0  entry8b.o(.ARM.Collect$$$$0000000A)
    .ARM.Collect$$$$0000000B                 0x08000138   Section        8  entry9a.o(.ARM.Collect$$$$0000000B)
    .ARM.Collect$$$$0000000D                 0x08000140   Section        0  entry10a.o(.ARM.Collect$$$$0000000D)
    .ARM.Collect$$$$0000000F                 0x08000140   Section        0  entry11a.o(.ARM.Collect$$$$0000000F)
    .ARM.Collect$$$$00002712                 0x08000140   Section        4  entry2.o(.ARM.Collect$$$$00002712)
    __lit__00000000                          0x08000140   Data           4  entry2.o(.ARM.Collect$$$$00002712)
    .text                                    0x08000144   Section        0  main.o(.text)
    .text                                    0x08001260   Section        0  system_stm32f10x.o(.text)
    SetSysClockTo72                          0x08001261   Thumb Code   214  system_stm32f10x.o(.text)
    SetSysClock                              0x08001337   Thumb Code     8  system_stm32f10x.o(.text)
    .text                                    0x08001440   Section        0  gpio.o(.text)
    .text                                    0x0800153c   Section        0  timer.o(.text)
    .text                                    0x0800171c   Section        0  adc.o(.text)
    ADC1_GPIO_Config                         0x0800171d   Thumb Code    62  adc.o(.text)
    ADC1_Mode_Config                         0x0800175b   Thumb Code   280  adc.o(.text)
    .text                                    0x080018b0   Section        0  flash.o(.text)
    .text                                    0x080019ac   Section        0  mqtt.o(.text)
    .text                                    0x08001ef4   Section        0  delay.o(.text)
    .text                                    0x08001fb8   Section        0  usart.o(.text)
    .text                                    0x08002940   Section       36  startup_stm32f10x_hd.o(.text)
    .text                                    0x08002964   Section        0  misc.o(.text)
    .text                                    0x08002a40   Section        0  stm32f10x_adc.o(.text)
    .text                                    0x08002e90   Section        0  stm32f10x_gpio.o(.text)
    .text                                    0x080031ec   Section        0  stm32f10x_rcc.o(.text)
    .text                                    0x08003590   Section        0  stm32f10x_tim.o(.text)
    TI4_Config                               0x08003a37   Thumb Code   130  stm32f10x_tim.o(.text)
    TI3_Config                               0x08003acb   Thumb Code   122  stm32f10x_tim.o(.text)
    TI2_Config                               0x08003b5f   Thumb Code   130  stm32f10x_tim.o(.text)
    TI1_Config                               0x08003bf3   Thumb Code   108  stm32f10x_tim.o(.text)
    .text                                    0x080043ac   Section        0  stm32f10x_usart.o(.text)
    .text                                    0x080047b4   Section        0  stm32f10x_dma.o(.text)
    .text                                    0x08004a08   Section        0  stm32f10x_flash.o(.text)
    .text                                    0x08004fc4   Section        0  mqttkit.o(.text)
    .text                                    0x08005c38   Section        0  dstream.o(.text)
    .text                                    0x080062d2   Section        0  memcpya.o(.text)
    .text                                    0x080062f6   Section        0  memseta.o(.text)
    .text                                    0x0800631a   Section        0  strstr.o(.text)
    .text                                    0x0800633e   Section        0  strchr.o(.text)
    .text                                    0x08006352   Section        0  strlen.o(.text)
    .text                                    0x08006360   Section        0  strncat.o(.text)
    .text                                    0x08006388   Section        0  ddiv.o(.text)
    .text                                    0x08006466   Section        0  dfltui.o(.text)
    .text                                    0x08006480   Section        0  dfixui.o(.text)
    .text                                    0x080064b2   Section        0  f2d.o(.text)
    .text                                    0x080064d8   Section        0  uidiv.o(.text)
    .text                                    0x08006504   Section        0  uldiv.o(.text)
    .text                                    0x08006566   Section        0  llushr.o(.text)
    .text                                    0x08006586   Section        0  iusefp.o(.text)
    .text                                    0x08006586   Section        0  depilogue.o(.text)
    .text                                    0x08006640   Section        0  dadd.o(.text)
    .text                                    0x0800678e   Section        0  dmul.o(.text)
    .text                                    0x08006872   Section        0  dfixul.o(.text)
    .text                                    0x080068a4   Section       48  cdrcmple.o(.text)
    .text                                    0x080068d4   Section       36  init.o(.text)
    .text                                    0x080068f8   Section        0  llshl.o(.text)
    .text                                    0x08006916   Section        0  llsshr.o(.text)
    .text                                    0x0800693a   Section        0  __dczerorl2.o(.text)
    i.__0snprintf                            0x08006990   Section        0  printfa.o(i.__0snprintf)
    i.__scatterload_copy                     0x080069b8   Section       14  handlers.o(i.__scatterload_copy)
    i.__scatterload_null                     0x080069c6   Section        2  handlers.o(i.__scatterload_null)
    i.__scatterload_zeroinit                 0x080069c8   Section       14  handlers.o(i.__scatterload_zeroinit)
    i._fp_digits                             0x080069d8   Section        0  printfa.o(i._fp_digits)
    _fp_digits                               0x080069d9   Thumb Code   334  printfa.o(i._fp_digits)
    i._printf_core                           0x08006b3c   Section        0  printfa.o(i._printf_core)
    _printf_core                             0x08006b3d   Thumb Code  1744  printfa.o(i._printf_core)
    i._printf_post_padding                   0x08007218   Section        0  printfa.o(i._printf_post_padding)
    _printf_post_padding                     0x08007219   Thumb Code    36  printfa.o(i._printf_post_padding)
    i._printf_pre_padding                    0x0800723c   Section        0  printfa.o(i._printf_pre_padding)
    _printf_pre_padding                      0x0800723d   Thumb Code    46  printfa.o(i._printf_pre_padding)
    i._snputc                                0x0800726a   Section        0  printfa.o(i._snputc)
    _snputc                                  0x0800726b   Thumb Code    22  printfa.o(i._snputc)
    i.free                                   0x08007280   Section        0  malloc.o(i.free)
    i.malloc                                 0x080072d0   Section        0  malloc.o(i.malloc)
    .conststring                             0x0800733c   Section      120  mqtt.o(.conststring)
    .data                                    0x20000000   Section        7  main.o(.data)
    .data                                    0x20000008   Section       20  system_stm32f10x.o(.data)
    .data                                    0x2000001c   Section       14  timer.o(.data)
    .data                                    0x2000002a   Section       26  adc.o(.data)
    .data                                    0x20000044   Section      169  mqtt.o(.data)
    .data                                    0x200000ee   Section        4  delay.o(.data)
    fac_us                                   0x200000ee   Data           1  delay.o(.data)
    fac_ms                                   0x200000f0   Data           2  delay.o(.data)
    .data                                    0x200000f4   Section       32  usart.o(.data)
    .data                                    0x20000114   Section       20  stm32f10x_rcc.o(.data)
    APBAHBPrescTable                         0x20000114   Data          16  stm32f10x_rcc.o(.data)
    ADCPrescTable                            0x20000124   Data           4  stm32f10x_rcc.o(.data)
    .data                                    0x20000128   Section        4  mvars.o(.data)
    .data                                    0x2000012c   Section        4  mvars.o(.data)
    .bss                                     0x20000130   Section      531  main.o(.bss)
    .bss                                     0x20000344   Section       64  timer.o(.bss)
    .bss                                     0x20000384   Section      152  adc.o(.bss)
    .bss                                     0x2000041c   Section      708  usart.o(.bss)
    HEAP                                     0x200006e0   Section      512  startup_stm32f10x_hd.o(HEAP)
    STACK                                    0x200008e0   Section     2048  startup_stm32f10x_hd.o(STACK)

    Global Symbols

    Symbol Name                              Value     Ov Type        Size  Object(Section)

    BuildAttributes$$THM_ISAv4$P$D$K$B$S$PE$A:L22UL41UL21$X:L11$S22US41US21$IEEE1$IW$USESV6$~STKCKD$USESV7$~SHL$OSPACE$ROPI$EBA8$MICROLIB$REQ8$PRES8$EABIv2 0x00000000   Number         0  anon$$obj.o ABSOLUTE
    __ARM_use_no_argv                        0x00000000   Number         0  main.o ABSOLUTE
    __use_no_errno                           0x00000000   Number         0  useno.o ABSOLUTE
    __use_no_exception_handling              0x00000000   Number         0  useno.o ABSOLUTE
    __use_no_fp                              0x00000000   Number         0  useno.o ABSOLUTE
    __use_no_heap                            0x00000000   Number         0  useno.o ABSOLUTE
    __use_no_heap_region                     0x00000000   Number         0  useno.o ABSOLUTE
    __use_no_semihosting                     0x00000000   Number         0  useno.o ABSOLUTE
    __use_no_semihosting_swi                 0x00000000   Number         0  useno.o ABSOLUTE
    __use_no_signal_handling                 0x00000000   Number         0  useno.o ABSOLUTE
    _printf_a                                0x00000000   Number         0  stubs.o ABSOLUTE
    _printf_c                                0x00000000   Number         0  stubs.o ABSOLUTE
    _printf_charcount                        0x00000000   Number         0  stubs.o ABSOLUTE
    _printf_d                                0x00000000   Number         0  stubs.o ABSOLUTE
    _printf_e                                0x00000000   Number         0  stubs.o ABSOLUTE
    _printf_f                                0x00000000   Number         0  stubs.o ABSOLUTE
    _printf_flags                            0x00000000   Number         0  stubs.o ABSOLUTE
    _printf_fp_dec                           0x00000000   Number         0  stubs.o ABSOLUTE
    _printf_fp_hex                           0x00000000   Number         0  stubs.o ABSOLUTE
    _printf_g                                0x00000000   Number         0  stubs.o ABSOLUTE
    _printf_i                                0x00000000   Number         0  stubs.o ABSOLUTE
    _printf_int_dec                          0x00000000   Number         0  stubs.o ABSOLUTE
    _printf_l                                0x00000000   Number         0  stubs.o ABSOLUTE
    _printf_lc                               0x00000000   Number         0  stubs.o ABSOLUTE
    _printf_ll                               0x00000000   Number         0  stubs.o ABSOLUTE
    _printf_lld                              0x00000000   Number         0  stubs.o ABSOLUTE
    _printf_lli                              0x00000000   Number         0  stubs.o ABSOLUTE
    _printf_llo                              0x00000000   Number         0  stubs.o ABSOLUTE
    _printf_llu                              0x00000000   Number         0  stubs.o ABSOLUTE
    _printf_llx                              0x00000000   Number         0  stubs.o ABSOLUTE
    _printf_longlong_dec                     0x00000000   Number         0  stubs.o ABSOLUTE
    _printf_longlong_hex                     0x00000000   Number         0  stubs.o ABSOLUTE
    _printf_longlong_oct                     0x00000000   Number         0  stubs.o ABSOLUTE
    _printf_ls                               0x00000000   Number         0  stubs.o ABSOLUTE
    _printf_mbtowc                           0x00000000   Number         0  stubs.o ABSOLUTE
    _printf_n                                0x00000000   Number         0  stubs.o ABSOLUTE
    _printf_o                                0x00000000   Number         0  stubs.o ABSOLUTE
    _printf_p                                0x00000000   Number         0  stubs.o ABSOLUTE
    _printf_percent                          0x00000000   Number         0  stubs.o ABSOLUTE
    _printf_pre_padding                      0x00000000   Number         0  stubs.o ABSOLUTE
    _printf_return_value                     0x00000000   Number         0  stubs.o ABSOLUTE
    _printf_s                                0x00000000   Number         0  stubs.o ABSOLUTE
    _printf_sizespec                         0x00000000   Number         0  stubs.o ABSOLUTE
    _printf_str                              0x00000000   Number         0  stubs.o ABSOLUTE
    _printf_truncate_signed                  0x00000000   Number         0  stubs.o ABSOLUTE
    _printf_truncate_unsigned                0x00000000   Number         0  stubs.o ABSOLUTE
    _printf_u                                0x00000000   Number         0  stubs.o ABSOLUTE
    _printf_wc                               0x00000000   Number         0  stubs.o ABSOLUTE
    _printf_wctomb                           0x00000000   Number         0  stubs.o ABSOLUTE
    _printf_widthprec                        0x00000000   Number         0  stubs.o ABSOLUTE
    _printf_x                                0x00000000   Number         0  stubs.o ABSOLUTE
    __cpp_initialize__aeabi_                  - Undefined Weak Reference
    __cxa_finalize                            - Undefined Weak Reference
    _clock_init                               - Undefined Weak Reference
    _microlib_exit                            - Undefined Weak Reference
    __Vectors_Size                           0x00000130   Number         0  startup_stm32f10x_hd.o ABSOLUTE
    __Vectors                                0x08000000   Data           4  startup_stm32f10x_hd.o(RESET)
    __Vectors_End                            0x08000130   Data           0  startup_stm32f10x_hd.o(RESET)
    __main                                   0x08000131   Thumb Code     0  entry.o(.ARM.Collect$$$$00000000)
    _main_stk                                0x08000131   Thumb Code     0  entry2.o(.ARM.Collect$$$$00000001)
    _main_scatterload                        0x08000135   Thumb Code     0  entry5.o(.ARM.Collect$$$$00000004)
    __main_after_scatterload                 0x08000139   Thumb Code     0  entry5.o(.ARM.Collect$$$$00000004)
    _main_clock                              0x08000139   Thumb Code     0  entry7b.o(.ARM.Collect$$$$00000008)
    _main_cpp_init                           0x08000139   Thumb Code     0  entry8b.o(.ARM.Collect$$$$0000000A)
    _main_init                               0x08000139   Thumb Code     0  entry9a.o(.ARM.Collect$$$$0000000B)
    __rt_final_cpp                           0x08000141   Thumb Code     0  entry10a.o(.ARM.Collect$$$$0000000D)
    __rt_final_exit                          0x08000141   Thumb Code     0  entry11a.o(.ARM.Collect$$$$0000000F)
    System_Init                              0x08000145   Thumb Code    88  main.o(.text)
    ParaLoad                                 0x0800019d   Thumb Code   622  main.o(.text)
    ParaSave                                 0x0800040b   Thumb Code    14  main.o(.text)
    Uart2Process                             0x08000419   Thumb Code  1262  main.o(.text)
    Uart3Process                             0x08000907   Thumb Code  1320  main.o(.text)
    PT100C                                   0x08000e2f   Thumb Code   408  main.o(.text)
    ZdCalc                                   0x08000fc7   Thumb Code   144  main.o(.text)
    main                                     0x08001057   Thumb Code   374  main.o(.text)
    SystemInit                               0x0800133f   Thumb Code    78  system_stm32f10x.o(.text)
    SystemCoreClockUpdate                    0x0800138d   Thumb Code   142  system_stm32f10x.o(.text)
    IO_Init                                  0x08001441   Thumb Code   230  gpio.o(.text)
    TIM3_Int_Init                            0x0800153d   Thumb Code    98  timer.o(.text)
    TIM2_Int_Init                            0x0800159f   Thumb Code    98  timer.o(.text)
    TIM3_IRQHandler                          0x08001601   Thumb Code   176  timer.o(.text)
    TIM2_IRQHandler                          0x080016b1   Thumb Code    68  timer.o(.text)
    ADC1_Init                                0x08001873   Thumb Code    12  adc.o(.text)
    ADC1_ConvertedValue_ALL                  0x0800187f   Thumb Code    26  adc.o(.text)
    Flash_Write_Without_check                0x080018b1   Thumb Code    50  flash.o(.text)
    Flash_Read                               0x080018e3   Thumb Code    22  flash.o(.text)
    Flash_Write                              0x080018f9   Thumb Code   180  flash.o(.text)
    clear_rx_buff                            0x080019ad   Thumb Code    28  mqtt.o(.text)
    uart5_send_string                        0x080019c9   Thumb Code    62  mqtt.o(.text)
    NET_DEVICE_SendData                      0x08001a07   Thumb Code   178  mqtt.o(.text)
    check_AT_ok                              0x08001ab9   Thumb Code    56  mqtt.o(.text)
    gpio_init                                0x08001af1   Thumb Code   122  mqtt.o(.text)
    OneNet_SendData                          0x08001b6b   Thumb Code   124  mqtt.o(.text)
    Seek_comma                               0x08001be7   Thumb Code    36  mqtt.o(.text)
    get_GPS                                  0x08001c0b   Thumb Code   124  mqtt.o(.text)
    tcp_ip_connect                           0x08001c87   Thumb Code   622  mqtt.o(.text)
    delay_init                               0x08001ef5   Thumb Code    42  delay.o(.text)
    delay_us                                 0x08001f1f   Thumb Code    72  delay.o(.text)
    delay_ms                                 0x08001f67   Thumb Code    72  delay.o(.text)
    _sys_exit                                0x08001fb9   Thumb Code     6  usart.o(.text)
    fputc                                    0x08001fbf   Thumb Code    24  usart.o(.text)
    uart_init                                0x08001fd7   Thumb Code   164  usart.o(.text)
    USART2_Init                              0x0800207b   Thumb Code   174  usart.o(.text)
    USART3_Init                              0x08002129   Thumb Code   170  usart.o(.text)
    UART4_Init                               0x080021d3   Thumb Code   172  usart.o(.text)
    UART5_Init                               0x0800227f   Thumb Code   154  usart.o(.text)
    USART1_IRQHandler                        0x08002319   Thumb Code   236  usart.o(.text)
    USART1_SendString                        0x08002405   Thumb Code    68  usart.o(.text)
    USART2_IRQHandler                        0x08002449   Thumb Code   176  usart.o(.text)
    USART3_IRQHandler                        0x080024f9   Thumb Code   178  usart.o(.text)
    UART5_IRQHandler                         0x080025ab   Thumb Code   120  usart.o(.text)
    UART4_IRQHandler                         0x08002623   Thumb Code   164  usart.o(.text)
    UART4_SendBytes                          0x080026c7   Thumb Code    56  usart.o(.text)
    UART5_SendBytes                          0x080026ff   Thumb Code    56  usart.o(.text)
    USART2_SendString                        0x08002737   Thumb Code    70  usart.o(.text)
    USART2_SendBytes                         0x0800277d   Thumb Code    62  usart.o(.text)
    USART2_SendData                          0x080027bb   Thumb Code   198  usart.o(.text)
    USART3_SendString                        0x08002881   Thumb Code    70  usart.o(.text)
    USART3_SendBytes                         0x080028c7   Thumb Code    62  usart.o(.text)
    USART3_SendData                          0x08002905   Thumb Code    36  usart.o(.text)
    Reset_Handler                            0x08002941   Thumb Code     8  startup_stm32f10x_hd.o(.text)
    NMI_Handler                              0x08002949   Thumb Code     2  startup_stm32f10x_hd.o(.text)
    HardFault_Handler                        0x0800294b   Thumb Code     2  startup_stm32f10x_hd.o(.text)
    MemManage_Handler                        0x0800294d   Thumb Code     2  startup_stm32f10x_hd.o(.text)
    BusFault_Handler                         0x0800294f   Thumb Code     2  startup_stm32f10x_hd.o(.text)
    UsageFault_Handler                       0x08002951   Thumb Code     2  startup_stm32f10x_hd.o(.text)
    SVC_Handler                              0x08002953   Thumb Code     2  startup_stm32f10x_hd.o(.text)
    DebugMon_Handler                         0x08002955   Thumb Code     2  startup_stm32f10x_hd.o(.text)
    PendSV_Handler                           0x08002957   Thumb Code     2  startup_stm32f10x_hd.o(.text)
    SysTick_Handler                          0x08002959   Thumb Code     2  startup_stm32f10x_hd.o(.text)
    ADC1_2_IRQHandler                        0x0800295b   Thumb Code     0  startup_stm32f10x_hd.o(.text)
    ADC3_IRQHandler                          0x0800295b   Thumb Code     0  startup_stm32f10x_hd.o(.text)
    CAN1_RX1_IRQHandler                      0x0800295b   Thumb Code     0  startup_stm32f10x_hd.o(.text)
    CAN1_SCE_IRQHandler                      0x0800295b   Thumb Code     0  startup_stm32f10x_hd.o(.text)
    DMA1_Channel1_IRQHandler                 0x0800295b   Thumb Code     0  startup_stm32f10x_hd.o(.text)
    DMA1_Channel2_IRQHandler                 0x0800295b   Thumb Code     0  startup_stm32f10x_hd.o(.text)
    DMA1_Channel3_IRQHandler                 0x0800295b   Thumb Code     0  startup_stm32f10x_hd.o(.text)
    DMA1_Channel4_IRQHandler                 0x0800295b   Thumb Code     0  startup_stm32f10x_hd.o(.text)
    DMA1_Channel5_IRQHandler                 0x0800295b   Thumb Code     0  startup_stm32f10x_hd.o(.text)
    DMA1_Channel6_IRQHandler                 0x0800295b   Thumb Code     0  startup_stm32f10x_hd.o(.text)
    DMA1_Channel7_IRQHandler                 0x0800295b   Thumb Code     0  startup_stm32f10x_hd.o(.text)
    DMA2_Channel1_IRQHandler                 0x0800295b   Thumb Code     0  startup_stm32f10x_hd.o(.text)
    DMA2_Channel2_IRQHandler                 0x0800295b   Thumb Code     0  startup_stm32f10x_hd.o(.text)
    DMA2_Channel3_IRQHandler                 0x0800295b   Thumb Code     0  startup_stm32f10x_hd.o(.text)
    DMA2_Channel4_5_IRQHandler               0x0800295b   Thumb Code     0  startup_stm32f10x_hd.o(.text)
    EXTI0_IRQHandler                         0x0800295b   Thumb Code     0  startup_stm32f10x_hd.o(.text)
    EXTI15_10_IRQHandler                     0x0800295b   Thumb Code     0  startup_stm32f10x_hd.o(.text)
    EXTI1_IRQHandler                         0x0800295b   Thumb Code     0  startup_stm32f10x_hd.o(.text)
    EXTI2_IRQHandler                         0x0800295b   Thumb Code     0  startup_stm32f10x_hd.o(.text)
    EXTI3_IRQHandler                         0x0800295b   Thumb Code     0  startup_stm32f10x_hd.o(.text)
    EXTI4_IRQHandler                         0x0800295b   Thumb Code     0  startup_stm32f10x_hd.o(.text)
    EXTI9_5_IRQHandler                       0x0800295b   Thumb Code     0  startup_stm32f10x_hd.o(.text)
    FLASH_IRQHandler                         0x0800295b   Thumb Code     0  startup_stm32f10x_hd.o(.text)
    FSMC_IRQHandler                          0x0800295b   Thumb Code     0  startup_stm32f10x_hd.o(.text)
    I2C1_ER_IRQHandler                       0x0800295b   Thumb Code     0  startup_stm32f10x_hd.o(.text)
    I2C1_EV_IRQHandler                       0x0800295b   Thumb Code     0  startup_stm32f10x_hd.o(.text)
    I2C2_ER_IRQHandler                       0x0800295b   Thumb Code     0  startup_stm32f10x_hd.o(.text)
    I2C2_EV_IRQHandler                       0x0800295b   Thumb Code     0  startup_stm32f10x_hd.o(.text)
    PVD_IRQHandler                           0x0800295b   Thumb Code     0  startup_stm32f10x_hd.o(.text)
    RCC_IRQHandler                           0x0800295b   Thumb Code     0  startup_stm32f10x_hd.o(.text)
    RTCAlarm_IRQHandler                      0x0800295b   Thumb Code     0  startup_stm32f10x_hd.o(.text)
    RTC_IRQHandler                           0x0800295b   Thumb Code     0  startup_stm32f10x_hd.o(.text)
    SDIO_IRQHandler                          0x0800295b   Thumb Code     0  startup_stm32f10x_hd.o(.text)
    SPI1_IRQHandler                          0x0800295b   Thumb Code     0  startup_stm32f10x_hd.o(.text)
    SPI2_IRQHandler                          0x0800295b   Thumb Code     0  startup_stm32f10x_hd.o(.text)
    SPI3_IRQHandler                          0x0800295b   Thumb Code     0  startup_stm32f10x_hd.o(.text)
    TAMPER_IRQHandler                        0x0800295b   Thumb Code     0  startup_stm32f10x_hd.o(.text)
    TIM1_BRK_IRQHandler                      0x0800295b   Thumb Code     0  startup_stm32f10x_hd.o(.text)
    TIM1_CC_IRQHandler                       0x0800295b   Thumb Code     0  startup_stm32f10x_hd.o(.text)
    TIM1_TRG_COM_IRQHandler                  0x0800295b   Thumb Code     0  startup_stm32f10x_hd.o(.text)
    TIM1_UP_IRQHandler                       0x0800295b   Thumb Code     0  startup_stm32f10x_hd.o(.text)
    TIM4_IRQHandler                          0x0800295b   Thumb Code     0  startup_stm32f10x_hd.o(.text)
    TIM5_IRQHandler                          0x0800295b   Thumb Code     0  startup_stm32f10x_hd.o(.text)
    TIM6_IRQHandler                          0x0800295b   Thumb Code     0  startup_stm32f10x_hd.o(.text)
    TIM7_IRQHandler                          0x0800295b   Thumb Code     0  startup_stm32f10x_hd.o(.text)
    TIM8_BRK_IRQHandler                      0x0800295b   Thumb Code     0  startup_stm32f10x_hd.o(.text)
    TIM8_CC_IRQHandler                       0x0800295b   Thumb Code     0  startup_stm32f10x_hd.o(.text)
    TIM8_TRG_COM_IRQHandler                  0x0800295b   Thumb Code     0  startup_stm32f10x_hd.o(.text)
    TIM8_UP_IRQHandler                       0x0800295b   Thumb Code     0  startup_stm32f10x_hd.o(.text)
    USBWakeUp_IRQHandler                     0x0800295b   Thumb Code     0  startup_stm32f10x_hd.o(.text)
    USB_HP_CAN1_TX_IRQHandler                0x0800295b   Thumb Code     0  startup_stm32f10x_hd.o(.text)
    USB_LP_CAN1_RX0_IRQHandler               0x0800295b   Thumb Code     0  startup_stm32f10x_hd.o(.text)
    WWDG_IRQHandler                          0x0800295b   Thumb Code     0  startup_stm32f10x_hd.o(.text)
    NVIC_PriorityGroupConfig                 0x08002965   Thumb Code    10  misc.o(.text)
    NVIC_Init                                0x0800296f   Thumb Code   100  misc.o(.text)
    NVIC_SetVectorTable                      0x080029d3   Thumb Code    14  misc.o(.text)
    NVIC_SystemLPConfig                      0x080029e1   Thumb Code    34  misc.o(.text)
    SysTick_CLKSourceConfig                  0x08002a03   Thumb Code    40  misc.o(.text)
    ADC_DeInit                               0x08002a41   Thumb Code    78  stm32f10x_adc.o(.text)
    ADC_Init                                 0x08002a8f   Thumb Code    70  stm32f10x_adc.o(.text)
    ADC_StructInit                           0x08002ad5   Thumb Code    18  stm32f10x_adc.o(.text)
    ADC_Cmd                                  0x08002ae7   Thumb Code    22  stm32f10x_adc.o(.text)
    ADC_DMACmd                               0x08002afd   Thumb Code    22  stm32f10x_adc.o(.text)
    ADC_ITConfig                             0x08002b13   Thumb Code    24  stm32f10x_adc.o(.text)
    ADC_ResetCalibration                     0x08002b2b   Thumb Code    10  stm32f10x_adc.o(.text)
    ADC_GetResetCalibrationStatus            0x08002b35   Thumb Code    20  stm32f10x_adc.o(.text)
    ADC_StartCalibration                     0x08002b49   Thumb Code    10  stm32f10x_adc.o(.text)
    ADC_GetCalibrationStatus                 0x08002b53   Thumb Code    20  stm32f10x_adc.o(.text)
    ADC_SoftwareStartConvCmd                 0x08002b67   Thumb Code    22  stm32f10x_adc.o(.text)
    ADC_GetSoftwareStartConvStatus           0x08002b7d   Thumb Code    20  stm32f10x_adc.o(.text)
    ADC_DiscModeChannelCountConfig           0x08002b91   Thumb Code    24  stm32f10x_adc.o(.text)
    ADC_DiscModeCmd                          0x08002ba9   Thumb Code    22  stm32f10x_adc.o(.text)
    ADC_RegularChannelConfig                 0x08002bbf   Thumb Code   184  stm32f10x_adc.o(.text)
    ADC_ExternalTrigConvCmd                  0x08002c77   Thumb Code    22  stm32f10x_adc.o(.text)
    ADC_GetConversionValue                   0x08002c8d   Thumb Code     8  stm32f10x_adc.o(.text)
    ADC_GetDualModeConversionValue           0x08002c95   Thumb Code     8  stm32f10x_adc.o(.text)
    ADC_AutoInjectedConvCmd                  0x08002c9d   Thumb Code    22  stm32f10x_adc.o(.text)
    ADC_InjectedDiscModeCmd                  0x08002cb3   Thumb Code    22  stm32f10x_adc.o(.text)
    ADC_ExternalTrigInjectedConvConfig       0x08002cc9   Thumb Code    16  stm32f10x_adc.o(.text)
    ADC_ExternalTrigInjectedConvCmd          0x08002cd9   Thumb Code    22  stm32f10x_adc.o(.text)
    ADC_SoftwareStartInjectedConvCmd         0x08002cef   Thumb Code    22  stm32f10x_adc.o(.text)
    ADC_GetSoftwareStartInjectedConvCmdStatus 0x08002d05   Thumb Code    20  stm32f10x_adc.o(.text)
    ADC_InjectedChannelConfig                0x08002d19   Thumb Code   130  stm32f10x_adc.o(.text)
    ADC_InjectedSequencerLengthConfig        0x08002d9b   Thumb Code    24  stm32f10x_adc.o(.text)
    ADC_SetInjectedOffset                    0x08002db3   Thumb Code    20  stm32f10x_adc.o(.text)
    ADC_GetInjectedConversionValue           0x08002dc7   Thumb Code    28  stm32f10x_adc.o(.text)
    ADC_AnalogWatchdogCmd                    0x08002de3   Thumb Code    16  stm32f10x_adc.o(.text)
    ADC_AnalogWatchdogThresholdsConfig       0x08002df3   Thumb Code     6  stm32f10x_adc.o(.text)
    ADC_AnalogWatchdogSingleChannelConfig    0x08002df9   Thumb Code    16  stm32f10x_adc.o(.text)
    ADC_TempSensorVrefintCmd                 0x08002e09   Thumb Code    64  stm32f10x_adc.o(.text)
    ADC_GetFlagStatus                        0x08002e49   Thumb Code    18  stm32f10x_adc.o(.text)
    ADC_ClearFlag                            0x08002e5b   Thumb Code     6  stm32f10x_adc.o(.text)
    ADC_GetITStatus                          0x08002e61   Thumb Code    36  stm32f10x_adc.o(.text)
    ADC_ClearITPendingBit                    0x08002e85   Thumb Code    10  stm32f10x_adc.o(.text)
    GPIO_DeInit                              0x08002e91   Thumb Code   172  stm32f10x_gpio.o(.text)
    GPIO_AFIODeInit                          0x08002f3d   Thumb Code    20  stm32f10x_gpio.o(.text)
    GPIO_Init                                0x08002f51   Thumb Code   278  stm32f10x_gpio.o(.text)
    GPIO_StructInit                          0x08003067   Thumb Code    16  stm32f10x_gpio.o(.text)
    GPIO_ReadInputDataBit                    0x08003077   Thumb Code    18  stm32f10x_gpio.o(.text)
    GPIO_ReadInputData                       0x08003089   Thumb Code     8  stm32f10x_gpio.o(.text)
    GPIO_ReadOutputDataBit                   0x08003091   Thumb Code    18  stm32f10x_gpio.o(.text)
    GPIO_ReadOutputData                      0x080030a3   Thumb Code     8  stm32f10x_gpio.o(.text)
    GPIO_SetBits                             0x080030ab   Thumb Code     4  stm32f10x_gpio.o(.text)
    GPIO_ResetBits                           0x080030af   Thumb Code     4  stm32f10x_gpio.o(.text)
    GPIO_WriteBit                            0x080030b3   Thumb Code    10  stm32f10x_gpio.o(.text)
    GPIO_Write                               0x080030bd   Thumb Code     4  stm32f10x_gpio.o(.text)
    GPIO_PinLockConfig                       0x080030c1   Thumb Code    18  stm32f10x_gpio.o(.text)
    GPIO_EventOutputConfig                   0x080030d3   Thumb Code    26  stm32f10x_gpio.o(.text)
    GPIO_EventOutputCmd                      0x080030ed   Thumb Code     6  stm32f10x_gpio.o(.text)
    GPIO_PinRemapConfig                      0x080030f3   Thumb Code   138  stm32f10x_gpio.o(.text)
    GPIO_EXTILineConfig                      0x0800317d   Thumb Code    66  stm32f10x_gpio.o(.text)
    GPIO_ETH_MediaInterfaceConfig            0x080031bf   Thumb Code     8  stm32f10x_gpio.o(.text)
    RCC_DeInit                               0x080031ed   Thumb Code    64  stm32f10x_rcc.o(.text)
    RCC_HSEConfig                            0x0800322d   Thumb Code    70  stm32f10x_rcc.o(.text)
    RCC_GetFlagStatus                        0x08003273   Thumb Code    56  stm32f10x_rcc.o(.text)
    RCC_WaitForHSEStartUp                    0x080032ab   Thumb Code    56  stm32f10x_rcc.o(.text)
    RCC_AdjustHSICalibrationValue            0x080032e3   Thumb Code    20  stm32f10x_rcc.o(.text)
    RCC_HSICmd                               0x080032f7   Thumb Code     6  stm32f10x_rcc.o(.text)
    RCC_PLLConfig                            0x080032fd   Thumb Code    24  stm32f10x_rcc.o(.text)
    RCC_PLLCmd                               0x08003315   Thumb Code     6  stm32f10x_rcc.o(.text)
    RCC_SYSCLKConfig                         0x0800331b   Thumb Code    18  stm32f10x_rcc.o(.text)
    RCC_GetSYSCLKSource                      0x0800332d   Thumb Code    10  stm32f10x_rcc.o(.text)
    RCC_HCLKConfig                           0x08003337   Thumb Code    18  stm32f10x_rcc.o(.text)
    RCC_PCLK1Config                          0x08003349   Thumb Code    18  stm32f10x_rcc.o(.text)
    RCC_PCLK2Config                          0x0800335b   Thumb Code    20  stm32f10x_rcc.o(.text)
    RCC_ITConfig                             0x0800336f   Thumb Code    26  stm32f10x_rcc.o(.text)
    RCC_USBCLKConfig                         0x08003389   Thumb Code     8  stm32f10x_rcc.o(.text)
    RCC_ADCCLKConfig                         0x08003391   Thumb Code    18  stm32f10x_rcc.o(.text)
    RCC_LSEConfig                            0x080033a3   Thumb Code    50  stm32f10x_rcc.o(.text)
    RCC_LSICmd                               0x080033d5   Thumb Code     6  stm32f10x_rcc.o(.text)
    RCC_RTCCLKConfig                         0x080033db   Thumb Code    12  stm32f10x_rcc.o(.text)
    RCC_RTCCLKCmd                            0x080033e7   Thumb Code     8  stm32f10x_rcc.o(.text)
    RCC_GetClocksFreq                        0x080033ef   Thumb Code   192  stm32f10x_rcc.o(.text)
    RCC_AHBPeriphClockCmd                    0x080034af   Thumb Code    26  stm32f10x_rcc.o(.text)
    RCC_APB2PeriphClockCmd                   0x080034c9   Thumb Code    26  stm32f10x_rcc.o(.text)
    RCC_APB1PeriphClockCmd                   0x080034e3   Thumb Code    26  stm32f10x_rcc.o(.text)
    RCC_APB2PeriphResetCmd                   0x080034fd   Thumb Code    26  stm32f10x_rcc.o(.text)
    RCC_APB1PeriphResetCmd                   0x08003517   Thumb Code    26  stm32f10x_rcc.o(.text)
    RCC_BackupResetCmd                       0x08003531   Thumb Code     8  stm32f10x_rcc.o(.text)
    RCC_ClockSecuritySystemCmd               0x08003539   Thumb Code     6  stm32f10x_rcc.o(.text)
    RCC_MCOConfig                            0x0800353f   Thumb Code     6  stm32f10x_rcc.o(.text)
    RCC_ClearFlag                            0x08003545   Thumb Code    14  stm32f10x_rcc.o(.text)
    RCC_GetITStatus                          0x08003553   Thumb Code    20  stm32f10x_rcc.o(.text)
    RCC_ClearITPendingBit                    0x08003567   Thumb Code     6  stm32f10x_rcc.o(.text)
    TIM_DeInit                               0x08003591   Thumb Code   424  stm32f10x_tim.o(.text)
    TIM_TimeBaseInit                         0x08003739   Thumb Code   122  stm32f10x_tim.o(.text)
    TIM_OC1Init                              0x080037b3   Thumb Code   132  stm32f10x_tim.o(.text)
    TIM_OC2Init                              0x08003837   Thumb Code   154  stm32f10x_tim.o(.text)
    TIM_OC3Init                              0x080038d1   Thumb Code   150  stm32f10x_tim.o(.text)
    TIM_OC4Init                              0x08003967   Thumb Code   182  stm32f10x_tim.o(.text)
    TIM_SetIC4Prescaler                      0x08003a1d   Thumb Code    26  stm32f10x_tim.o(.text)
    TIM_SetIC3Prescaler                      0x08003ab9   Thumb Code    18  stm32f10x_tim.o(.text)
    TIM_SetIC2Prescaler                      0x08003b45   Thumb Code    26  stm32f10x_tim.o(.text)
    TIM_SetIC1Prescaler                      0x08003be1   Thumb Code    18  stm32f10x_tim.o(.text)
    TIM_ICInit                               0x08003c5f   Thumb Code   150  stm32f10x_tim.o(.text)
    TIM_PWMIConfig                           0x08003cf5   Thumb Code   124  stm32f10x_tim.o(.text)
    TIM_BDTRConfig                           0x08003d71   Thumb Code    32  stm32f10x_tim.o(.text)
    TIM_TimeBaseStructInit                   0x08003d91   Thumb Code    18  stm32f10x_tim.o(.text)
    TIM_OCStructInit                         0x08003da3   Thumb Code    20  stm32f10x_tim.o(.text)
    TIM_ICStructInit                         0x08003db7   Thumb Code    18  stm32f10x_tim.o(.text)
    TIM_BDTRStructInit                       0x08003dc9   Thumb Code    40  stm32f10x_tim.o(.text)
    TIM_Cmd                                  0x08003df1   Thumb Code    24  stm32f10x_tim.o(.text)
    TIM_CtrlPWMOutputs                       0x08003e09   Thumb Code    30  stm32f10x_tim.o(.text)
    TIM_ITConfig                             0x08003e27   Thumb Code    18  stm32f10x_tim.o(.text)
    TIM_GenerateEvent                        0x08003e39   Thumb Code     4  stm32f10x_tim.o(.text)
    TIM_DMAConfig                            0x08003e3d   Thumb Code    10  stm32f10x_tim.o(.text)
    TIM_DMACmd                               0x08003e47   Thumb Code    18  stm32f10x_tim.o(.text)
    TIM_InternalClockConfig                  0x08003e59   Thumb Code    12  stm32f10x_tim.o(.text)
    TIM_SelectInputTrigger                   0x08003e65   Thumb Code    18  stm32f10x_tim.o(.text)
    TIM_ITRxExternalClockConfig              0x08003e77   Thumb Code    24  stm32f10x_tim.o(.text)
    TIM_TIxExternalClockConfig               0x08003e8f   Thumb Code    62  stm32f10x_tim.o(.text)
    TIM_ETRConfig                            0x08003ecd   Thumb Code    28  stm32f10x_tim.o(.text)
    TIM_ETRClockMode1Config                  0x08003ee9   Thumb Code    54  stm32f10x_tim.o(.text)
    TIM_ETRClockMode2Config                  0x08003f1f   Thumb Code    32  stm32f10x_tim.o(.text)
    TIM_PrescalerConfig                      0x08003f3f   Thumb Code     6  stm32f10x_tim.o(.text)
    TIM_CounterModeConfig                    0x08003f45   Thumb Code    18  stm32f10x_tim.o(.text)
    TIM_EncoderInterfaceConfig               0x08003f57   Thumb Code    66  stm32f10x_tim.o(.text)
    TIM_ForcedOC1Config                      0x08003f99   Thumb Code    18  stm32f10x_tim.o(.text)
    TIM_ForcedOC2Config                      0x08003fab   Thumb Code    26  stm32f10x_tim.o(.text)
    TIM_ForcedOC3Config                      0x08003fc5   Thumb Code    18  stm32f10x_tim.o(.text)
    TIM_ForcedOC4Config                      0x08003fd7   Thumb Code    26  stm32f10x_tim.o(.text)
    TIM_ARRPreloadConfig                     0x08003ff1   Thumb Code    24  stm32f10x_tim.o(.text)
    TIM_SelectCOM                            0x08004009   Thumb Code    24  stm32f10x_tim.o(.text)
    TIM_SelectCCDMA                          0x08004021   Thumb Code    24  stm32f10x_tim.o(.text)
    TIM_CCPreloadControl                     0x08004039   Thumb Code    24  stm32f10x_tim.o(.text)
    TIM_OC1PreloadConfig                     0x08004051   Thumb Code    18  stm32f10x_tim.o(.text)
    TIM_OC2PreloadConfig                     0x08004063   Thumb Code    26  stm32f10x_tim.o(.text)
    TIM_OC3PreloadConfig                     0x0800407d   Thumb Code    18  stm32f10x_tim.o(.text)
    TIM_OC4PreloadConfig                     0x0800408f   Thumb Code    26  stm32f10x_tim.o(.text)
    TIM_OC1FastConfig                        0x080040a9   Thumb Code    18  stm32f10x_tim.o(.text)
    TIM_OC2FastConfig                        0x080040bb   Thumb Code    26  stm32f10x_tim.o(.text)
    TIM_OC3FastConfig                        0x080040d5   Thumb Code    18  stm32f10x_tim.o(.text)
    TIM_OC4FastConfig                        0x080040e7   Thumb Code    26  stm32f10x_tim.o(.text)
    TIM_ClearOC1Ref                          0x08004101   Thumb Code    18  stm32f10x_tim.o(.text)
    TIM_ClearOC2Ref                          0x08004113   Thumb Code    24  stm32f10x_tim.o(.text)
    TIM_ClearOC3Ref                          0x0800412b   Thumb Code    18  stm32f10x_tim.o(.text)
    TIM_ClearOC4Ref                          0x0800413d   Thumb Code    24  stm32f10x_tim.o(.text)
    TIM_OC1PolarityConfig                    0x08004155   Thumb Code    18  stm32f10x_tim.o(.text)
    TIM_OC1NPolarityConfig                   0x08004167   Thumb Code    18  stm32f10x_tim.o(.text)
    TIM_OC2PolarityConfig                    0x08004179   Thumb Code    26  stm32f10x_tim.o(.text)
    TIM_OC2NPolarityConfig                   0x08004193   Thumb Code    26  stm32f10x_tim.o(.text)
    TIM_OC3PolarityConfig                    0x080041ad   Thumb Code    26  stm32f10x_tim.o(.text)
    TIM_OC3NPolarityConfig                   0x080041c7   Thumb Code    26  stm32f10x_tim.o(.text)
    TIM_OC4PolarityConfig                    0x080041e1   Thumb Code    26  stm32f10x_tim.o(.text)
    TIM_CCxCmd                               0x080041fb   Thumb Code    30  stm32f10x_tim.o(.text)
    TIM_CCxNCmd                              0x08004219   Thumb Code    30  stm32f10x_tim.o(.text)
    TIM_SelectOCxM                           0x08004237   Thumb Code    82  stm32f10x_tim.o(.text)
    TIM_UpdateDisableConfig                  0x08004289   Thumb Code    24  stm32f10x_tim.o(.text)
    TIM_UpdateRequestConfig                  0x080042a1   Thumb Code    24  stm32f10x_tim.o(.text)
    TIM_SelectHallSensor                     0x080042b9   Thumb Code    24  stm32f10x_tim.o(.text)
    TIM_SelectOnePulseMode                   0x080042d1   Thumb Code    18  stm32f10x_tim.o(.text)
    TIM_SelectOutputTrigger                  0x080042e3   Thumb Code    18  stm32f10x_tim.o(.text)
    TIM_SelectSlaveMode                      0x080042f5   Thumb Code    18  stm32f10x_tim.o(.text)
    TIM_SelectMasterSlaveMode                0x08004307   Thumb Code    18  stm32f10x_tim.o(.text)
    TIM_SetCounter                           0x08004319   Thumb Code     4  stm32f10x_tim.o(.text)
    TIM_SetAutoreload                        0x0800431d   Thumb Code     4  stm32f10x_tim.o(.text)
    TIM_SetCompare1                          0x08004321   Thumb Code     4  stm32f10x_tim.o(.text)
    TIM_SetCompare2                          0x08004325   Thumb Code     4  stm32f10x_tim.o(.text)
    TIM_SetCompare3                          0x08004329   Thumb Code     4  stm32f10x_tim.o(.text)
    TIM_SetCompare4                          0x0800432d   Thumb Code     6  stm32f10x_tim.o(.text)
    TIM_SetClockDivision                     0x08004333   Thumb Code    18  stm32f10x_tim.o(.text)
    TIM_GetCapture1                          0x08004345   Thumb Code     6  stm32f10x_tim.o(.text)
    TIM_GetCapture2                          0x0800434b   Thumb Code     6  stm32f10x_tim.o(.text)
    TIM_GetCapture3                          0x08004351   Thumb Code     6  stm32f10x_tim.o(.text)
    TIM_GetCapture4                          0x08004357   Thumb Code     8  stm32f10x_tim.o(.text)
    TIM_GetCounter                           0x0800435f   Thumb Code     6  stm32f10x_tim.o(.text)
    TIM_GetPrescaler                         0x08004365   Thumb Code     6  stm32f10x_tim.o(.text)
    TIM_GetFlagStatus                        0x0800436b   Thumb Code    18  stm32f10x_tim.o(.text)
    TIM_ClearFlag                            0x0800437d   Thumb Code     6  stm32f10x_tim.o(.text)
    TIM_GetITStatus                          0x08004383   Thumb Code    34  stm32f10x_tim.o(.text)
    TIM_ClearITPendingBit                    0x080043a5   Thumb Code     6  stm32f10x_tim.o(.text)
    USART_DeInit                             0x080043ad   Thumb Code   134  stm32f10x_usart.o(.text)
    USART_Init                               0x08004433   Thumb Code   210  stm32f10x_usart.o(.text)
    USART_StructInit                         0x08004505   Thumb Code    24  stm32f10x_usart.o(.text)
    USART_ClockInit                          0x0800451d   Thumb Code    34  stm32f10x_usart.o(.text)
    USART_ClockStructInit                    0x0800453f   Thumb Code    12  stm32f10x_usart.o(.text)
    USART_Cmd                                0x0800454b   Thumb Code    24  stm32f10x_usart.o(.text)
    USART_ITConfig                           0x08004563   Thumb Code    74  stm32f10x_usart.o(.text)
    USART_DMACmd                             0x080045ad   Thumb Code    18  stm32f10x_usart.o(.text)
    USART_SetAddress                         0x080045bf   Thumb Code    18  stm32f10x_usart.o(.text)
    USART_WakeUpConfig                       0x080045d1   Thumb Code    18  stm32f10x_usart.o(.text)
    USART_ReceiverWakeUpCmd                  0x080045e3   Thumb Code    24  stm32f10x_usart.o(.text)
    USART_LINBreakDetectLengthConfig         0x080045fb   Thumb Code    18  stm32f10x_usart.o(.text)
    USART_LINCmd                             0x0800460d   Thumb Code    24  stm32f10x_usart.o(.text)
    USART_SendData                           0x08004625   Thumb Code     8  stm32f10x_usart.o(.text)
    USART_ReceiveData                        0x0800462d   Thumb Code    10  stm32f10x_usart.o(.text)
    USART_SendBreak                          0x08004637   Thumb Code    10  stm32f10x_usart.o(.text)
    USART_SetGuardTime                       0x08004641   Thumb Code    16  stm32f10x_usart.o(.text)
    USART_SetPrescaler                       0x08004651   Thumb Code    16  stm32f10x_usart.o(.text)
    USART_SmartCardCmd                       0x08004661   Thumb Code    24  stm32f10x_usart.o(.text)
    USART_SmartCardNACKCmd                   0x08004679   Thumb Code    24  stm32f10x_usart.o(.text)
    USART_HalfDuplexCmd                      0x08004691   Thumb Code    24  stm32f10x_usart.o(.text)
    USART_OverSampling8Cmd                   0x080046a9   Thumb Code    22  stm32f10x_usart.o(.text)
    USART_OneBitMethodCmd                    0x080046bf   Thumb Code    24  stm32f10x_usart.o(.text)
    USART_IrDAConfig                         0x080046d7   Thumb Code    18  stm32f10x_usart.o(.text)
    USART_IrDACmd                            0x080046e9   Thumb Code    24  stm32f10x_usart.o(.text)
    USART_GetFlagStatus                      0x08004701   Thumb Code    26  stm32f10x_usart.o(.text)
    USART_ClearFlag                          0x0800471b   Thumb Code    18  stm32f10x_usart.o(.text)
    USART_GetITStatus                        0x0800472d   Thumb Code    84  stm32f10x_usart.o(.text)
    USART_ClearITPendingBit                  0x08004781   Thumb Code    52  stm32f10x_usart.o(.text)
    DMA_DeInit                               0x080047b5   Thumb Code   324  stm32f10x_dma.o(.text)
    DMA_Init                                 0x080048f9   Thumb Code    60  stm32f10x_dma.o(.text)
    DMA_StructInit                           0x08004935   Thumb Code    26  stm32f10x_dma.o(.text)
    DMA_Cmd                                  0x0800494f   Thumb Code    24  stm32f10x_dma.o(.text)
    DMA_ITConfig                             0x08004967   Thumb Code    18  stm32f10x_dma.o(.text)
    DMA_SetCurrDataCounter                   0x08004979   Thumb Code     4  stm32f10x_dma.o(.text)
    DMA_GetCurrDataCounter                   0x0800497d   Thumb Code     8  stm32f10x_dma.o(.text)
    DMA_GetFlagStatus                        0x08004985   Thumb Code    40  stm32f10x_dma.o(.text)
    DMA_ClearFlag                            0x080049ad   Thumb Code    22  stm32f10x_dma.o(.text)
    DMA_GetITStatus                          0x080049c3   Thumb Code    40  stm32f10x_dma.o(.text)
    DMA_ClearITPendingBit                    0x080049eb   Thumb Code    22  stm32f10x_dma.o(.text)
    FLASH_SetLatency                         0x08004a09   Thumb Code    18  stm32f10x_flash.o(.text)
    FLASH_HalfCycleAccessCmd                 0x08004a1b   Thumb Code    22  stm32f10x_flash.o(.text)
    FLASH_PrefetchBufferCmd                  0x08004a31   Thumb Code    22  stm32f10x_flash.o(.text)
    FLASH_Unlock                             0x08004a47   Thumb Code    12  stm32f10x_flash.o(.text)
    FLASH_UnlockBank1                        0x08004a53   Thumb Code    12  stm32f10x_flash.o(.text)
    FLASH_Lock                               0x08004a5f   Thumb Code    14  stm32f10x_flash.o(.text)
    FLASH_LockBank1                          0x08004a6d   Thumb Code    14  stm32f10x_flash.o(.text)
    FLASH_GetBank1Status                     0x08004a7b   Thumb Code    48  stm32f10x_flash.o(.text)
    FLASH_WaitForLastOperation               0x08004aab   Thumb Code    38  stm32f10x_flash.o(.text)
    FLASH_ErasePage                          0x08004ad1   Thumb Code    72  stm32f10x_flash.o(.text)
    FLASH_EraseAllPages                      0x08004b19   Thumb Code    68  stm32f10x_flash.o(.text)
    FLASH_WaitForLastBank1Operation          0x08004b5d   Thumb Code    38  stm32f10x_flash.o(.text)
    FLASH_EraseAllBank1Pages                 0x08004b83   Thumb Code    68  stm32f10x_flash.o(.text)
    FLASH_GetReadOutProtectionStatus         0x08004bc7   Thumb Code    20  stm32f10x_flash.o(.text)
    FLASH_EraseOptionBytes                   0x08004bdb   Thumb Code   150  stm32f10x_flash.o(.text)
    FLASH_ProgramWord                        0x08004c71   Thumb Code   102  stm32f10x_flash.o(.text)
    FLASH_ProgramHalfWord                    0x08004cd7   Thumb Code    60  stm32f10x_flash.o(.text)
    FLASH_ProgramOptionByteData              0x08004d13   Thumb Code    72  stm32f10x_flash.o(.text)
    FLASH_EnableWriteProtection              0x08004d5b   Thumb Code   200  stm32f10x_flash.o(.text)
    FLASH_ReadOutProtection                  0x08004e23   Thumb Code   156  stm32f10x_flash.o(.text)
    FLASH_UserOptionByteConfig               0x08004ebf   Thumb Code    88  stm32f10x_flash.o(.text)
    FLASH_GetUserOptionByte                  0x08004f17   Thumb Code     8  stm32f10x_flash.o(.text)
    FLASH_GetWriteProtectionOptionByte       0x08004f1f   Thumb Code     6  stm32f10x_flash.o(.text)
    FLASH_GetPrefetchBufferStatus            0x08004f25   Thumb Code    20  stm32f10x_flash.o(.text)
    FLASH_ITConfig                           0x08004f39   Thumb Code    26  stm32f10x_flash.o(.text)
    FLASH_GetFlagStatus                      0x08004f53   Thumb Code    42  stm32f10x_flash.o(.text)
    FLASH_ClearFlag                          0x08004f7d   Thumb Code     6  stm32f10x_flash.o(.text)
    FLASH_GetStatus                          0x08004f83   Thumb Code    48  stm32f10x_flash.o(.text)
    MQTT_NewBuffer                           0x08004fc5   Thumb Code    88  mqttkit.o(.text)
    MQTT_DeleteBuffer                        0x0800501d   Thumb Code    28  mqttkit.o(.text)
    MQTT_DumpLength                          0x08005039   Thumb Code    46  mqttkit.o(.text)
    MQTT_ReadLength                          0x08005067   Thumb Code    70  mqttkit.o(.text)
    MQTT_UnPacketRecv                        0x080050ad   Thumb Code   106  mqttkit.o(.text)
    MQTT_PacketConnect                       0x08005117   Thumb Code   666  mqttkit.o(.text)
    MQTT_PacketDisConnect                    0x080053b1   Thumb Code    48  mqttkit.o(.text)
    MQTT_UnPacketConnectAck                  0x080053e1   Thumb Code    30  mqttkit.o(.text)
    MQTT_PacketPublish                       0x080053ff   Thumb Code   318  mqttkit.o(.text)
    MQTT_PacketSaveData                      0x0800553d   Thumb Code    88  mqttkit.o(.text)
    MQTT_UnPacketCmd                         0x08005595   Thumb Code   138  mqttkit.o(.text)
    MQTT_PacketCmdResp                       0x0800561f   Thumb Code   132  mqttkit.o(.text)
    MQTT_PacketSubscribe                     0x080056a3   Thumb Code   254  mqttkit.o(.text)
    MQTT_UnPacketSubscribe                   0x080057a1   Thumb Code    52  mqttkit.o(.text)
    MQTT_PacketUnSubscribe                   0x080057d5   Thumb Code   238  mqttkit.o(.text)
    MQTT_UnPacketUnSubscribe                 0x080058c3   Thumb Code    18  mqttkit.o(.text)
    MQTT_UnPacketPublish                     0x080058d5   Thumb Code   406  mqttkit.o(.text)
    MQTT_PacketPublishAck                    0x08005a6b   Thumb Code    72  mqttkit.o(.text)
    MQTT_UnPacketPublishAck                  0x08005ab3   Thumb Code    30  mqttkit.o(.text)
    MQTT_PacketPublishRec                    0x08005ad1   Thumb Code    72  mqttkit.o(.text)
    MQTT_UnPacketPublishRec                  0x08005b19   Thumb Code    30  mqttkit.o(.text)
    MQTT_PacketPublishRel                    0x08005b37   Thumb Code    72  mqttkit.o(.text)
    MQTT_UnPacketPublishRel                  0x08005b7f   Thumb Code    36  mqttkit.o(.text)
    MQTT_PacketPublishComp                   0x08005ba3   Thumb Code    72  mqttkit.o(.text)
    MQTT_UnPacketPublishComp                 0x08005beb   Thumb Code    30  mqttkit.o(.text)
    MQTT_PacketPing                          0x08005c09   Thumb Code    48  mqttkit.o(.text)
    DSTREAM_toString                         0x08005c39   Thumb Code   396  dstream.o(.text)
    DSTREAM_GetDataStream_Body               0x08005dc5   Thumb Code   872  dstream.o(.text)
    DSTREAM_GetDataStream_Body_Measure       0x0800612d   Thumb Code   422  dstream.o(.text)
    __aeabi_memcpy                           0x080062d3   Thumb Code    36  memcpya.o(.text)
    __aeabi_memcpy4                          0x080062d3   Thumb Code     0  memcpya.o(.text)
    __aeabi_memcpy8                          0x080062d3   Thumb Code     0  memcpya.o(.text)
    __aeabi_memset                           0x080062f7   Thumb Code    14  memseta.o(.text)
    __aeabi_memset4                          0x080062f7   Thumb Code     0  memseta.o(.text)
    __aeabi_memset8                          0x080062f7   Thumb Code     0  memseta.o(.text)
    __aeabi_memclr                           0x08006305   Thumb Code     4  memseta.o(.text)
    __aeabi_memclr4                          0x08006305   Thumb Code     0  memseta.o(.text)
    __aeabi_memclr8                          0x08006305   Thumb Code     0  memseta.o(.text)
    _memset$wrapper                          0x08006309   Thumb Code    18  memseta.o(.text)
    strstr                                   0x0800631b   Thumb Code    36  strstr.o(.text)
    strchr                                   0x0800633f   Thumb Code    20  strchr.o(.text)
    strlen                                   0x08006353   Thumb Code    14  strlen.o(.text)
    strncat                                  0x08006361   Thumb Code    40  strncat.o(.text)
    __aeabi_ddiv                             0x08006389   Thumb Code   222  ddiv.o(.text)
    __aeabi_ui2d                             0x08006467   Thumb Code    26  dfltui.o(.text)
    __aeabi_d2uiz                            0x08006481   Thumb Code    50  dfixui.o(.text)
    __aeabi_f2d                              0x080064b3   Thumb Code    38  f2d.o(.text)
    __aeabi_uidiv                            0x080064d9   Thumb Code     0  uidiv.o(.text)
    __aeabi_uidivmod                         0x080064d9   Thumb Code    44  uidiv.o(.text)
    __aeabi_uldivmod                         0x08006505   Thumb Code    98  uldiv.o(.text)
    __aeabi_llsr                             0x08006567   Thumb Code    32  llushr.o(.text)
    _ll_ushift_r                             0x08006567   Thumb Code     0  llushr.o(.text)
    __I$use$fp                               0x08006587   Thumb Code     0  iusefp.o(.text)
    _double_round                            0x08006587   Thumb Code    30  depilogue.o(.text)
    _double_epilogue                         0x080065a5   Thumb Code   156  depilogue.o(.text)
    __aeabi_dadd                             0x08006641   Thumb Code   322  dadd.o(.text)
    __aeabi_dsub                             0x08006783   Thumb Code     6  dadd.o(.text)
    __aeabi_drsub                            0x08006789   Thumb Code     6  dadd.o(.text)
    __aeabi_dmul                             0x0800678f   Thumb Code   228  dmul.o(.text)
    __aeabi_d2ulz                            0x08006873   Thumb Code    48  dfixul.o(.text)
    __aeabi_cdrcmple                         0x080068a5   Thumb Code    48  cdrcmple.o(.text)
    __scatterload                            0x080068d5   Thumb Code    28  init.o(.text)
    __scatterload_rt2                        0x080068d5   Thumb Code     0  init.o(.text)
    __aeabi_llsl                             0x080068f9   Thumb Code    30  llshl.o(.text)
    _ll_shift_l                              0x080068f9   Thumb Code     0  llshl.o(.text)
    __aeabi_lasr                             0x08006917   Thumb Code    36  llsshr.o(.text)
    _ll_sshift_r                             0x08006917   Thumb Code     0  llsshr.o(.text)
    __decompress                             0x0800693b   Thumb Code     0  __dczerorl2.o(.text)
    __decompress1                            0x0800693b   Thumb Code    86  __dczerorl2.o(.text)
    __0snprintf                              0x08006991   Thumb Code    36  printfa.o(i.__0snprintf)
    __1snprintf                              0x08006991   Thumb Code     0  printfa.o(i.__0snprintf)
    __2snprintf                              0x08006991   Thumb Code     0  printfa.o(i.__0snprintf)
    __c89snprintf                            0x08006991   Thumb Code     0  printfa.o(i.__0snprintf)
    snprintf                                 0x08006991   Thumb Code     0  printfa.o(i.__0snprintf)
    __scatterload_copy                       0x080069b9   Thumb Code    14  handlers.o(i.__scatterload_copy)
    __scatterload_null                       0x080069c7   Thumb Code     2  handlers.o(i.__scatterload_null)
    __scatterload_zeroinit                   0x080069c9   Thumb Code    14  handlers.o(i.__scatterload_zeroinit)
    free                                     0x08007281   Thumb Code    76  malloc.o(i.free)
    malloc                                   0x080072d1   Thumb Code    92  malloc.o(i.malloc)
    Region$$Table$$Base                      0x080073b4   Number         0  anon$$obj.o(Region$$Table)
    Region$$Table$$Limit                     0x080073d4   Number         0  anon$$obj.o(Region$$Table)
    AlarmType                                0x20000000   Data           4  main.o(.data)
    ZdValue                                  0x20000004   Data           2  main.o(.data)
    SaveEn                                   0x20000006   Data           1  main.o(.data)
    SystemCoreClock                          0x20000008   Data           4  system_stm32f10x.o(.data)
    AHBPrescTable                            0x2000000c   Data          16  system_stm32f10x.o(.data)
    WaterState1                              0x2000001c   Data           1  timer.o(.data)
    WaterState2                              0x2000001d   Data           1  timer.o(.data)
    timeslice                                0x2000001e   Data           1  timer.o(.data)
    ADC_en                                   0x2000001f   Data           1  timer.o(.data)
    AlarmCnt                                 0x20000020   Data           1  timer.o(.data)
    time3slice                               0x20000021   Data           1  timer.o(.data)
    ss1                                      0x20000022   Data           1  timer.o(.data)
    ss2                                      0x20000023   Data           1  timer.o(.data)
    mm1                                      0x20000024   Data           1  timer.o(.data)
    mm2                                      0x20000025   Data           1  timer.o(.data)
    ch0En                                    0x20000026   Data           1  timer.o(.data)
    ch1En                                    0x20000027   Data           1  timer.o(.data)
    time2slice                               0x20000028   Data           1  timer.o(.data)
    OpenTime                                 0x20000029   Data           1  timer.o(.data)
    AdcP                                     0x2000002a   Data           1  adc.o(.data)
    TrigCnt                                  0x2000002b   Data           1  adc.o(.data)
    ZdP                                      0x2000002c   Data           1  adc.o(.data)
    TrigZd                                   0x2000002d   Data           1  adc.o(.data)
    ZXPT100                                  0x2000002e   Data           1  adc.o(.data)
    QXPT100                                  0x2000002f   Data           1  adc.o(.data)
    ZXWDfilte                                0x20000030   Data           4  adc.o(.data)
    QXWDfilte                                0x20000034   Data           4  adc.o(.data)
    FilteFlog                                0x20000038   Data           1  adc.o(.data)
    ZXWDADD                                  0x20000039   Data           1  adc.o(.data)
    ZXWDADDFlog                              0x2000003a   Data           1  adc.o(.data)
    QXWDADD                                  0x2000003b   Data           1  adc.o(.data)
    QXWDADDFlog                              0x2000003c   Data           1  adc.o(.data)
    ADDBuf                                   0x2000003d   Data           7  adc.o(.data)
    AT_error                                 0x20000044   Data           1  mqtt.o(.data)
    Led1                                     0x20000045   Data           1  mqtt.o(.data)
    Led2                                     0x20000046   Data           1  mqtt.o(.data)
    gps                                      0x20000047   Data          33  mqtt.o(.data)
    dataStream                               0x20000068   Data         132  mqtt.o(.data)
    dataStreamCnt                            0x200000ec   Data           1  mqtt.o(.data)
    __stdout                                 0x200000f4   Data           4  usart.o(.data)
    USART2_RX_P                              0x200000f8   Data           1  usart.o(.data)
    USART2_RXED                              0x200000f9   Data           1  usart.o(.data)
    USART2_TX_P                              0x200000fa   Data           1  usart.o(.data)
    USART2_TX_NUM                            0x200000fb   Data           1  usart.o(.data)
    USART2_BUSY                              0x200000fc   Data           1  usart.o(.data)
    USART3_RXED                              0x200000fd   Data           1  usart.o(.data)
    USART3_RX_P                              0x200000fe   Data           1  usart.o(.data)
    USART3_TX_P                              0x200000ff   Data           1  usart.o(.data)
    USART3_TX_NUM                            0x20000100   Data           1  usart.o(.data)
    USART3_BUSY                              0x20000101   Data           1  usart.o(.data)
    UART4_RX_P                               0x20000102   Data           1  usart.o(.data)
    UART4_RXED                               0x20000103   Data           1  usart.o(.data)
    UART4_TX_P                               0x20000104   Data           1  usart.o(.data)
    UART4_TX_NUM                             0x20000105   Data           1  usart.o(.data)
    UART4_BUSY                               0x20000106   Data           1  usart.o(.data)
    UART5_RX_P                               0x20000107   Data           1  usart.o(.data)
    UART5_RXED                               0x20000108   Data           1  usart.o(.data)
    UART5_TX_P                               0x20000109   Data           1  usart.o(.data)
    UART5_TX_NUM                             0x2000010a   Data           1  usart.o(.data)
    UART5_BUSY                               0x2000010b   Data           1  usart.o(.data)
    USART_RX_STA                             0x2000010c   Data           2  usart.o(.data)
    USART_TX_NUM                             0x2000010e   Data           2  usart.o(.data)
    USART_TX_STA                             0x20000110   Data           1  usart.o(.data)
    USART_TX_P                               0x20000111   Data           1  usart.o(.data)
    USART_RX_P                               0x20000112   Data           1  usart.o(.data)
    LastRcv                                  0x20000113   Data           1  usart.o(.data)
    __microlib_freelist                      0x20000128   Data           4  mvars.o(.data)
    __microlib_freelist_initialised          0x2000012c   Data           4  mvars.o(.data)
    datatemp                                 0x20000130   Data          19  main.o(.bss)
    RecordDat                                0x20000143   Data         512  main.o(.bss)
    Para                                     0x20000344   Data          64  timer.o(.bss)
    ADC1_ConvertedValue                      0x20000384   Data          12  adc.o(.bss)
    AdcCh0Buf                                0x20000390   Data          32  adc.o(.bss)
    AdcCh1Buf                                0x200003b0   Data          32  adc.o(.bss)
    Zd0Buf                                   0x200003d0   Data          32  adc.o(.bss)
    Zd1Buf                                   0x200003f0   Data          32  adc.o(.bss)
    ADC_ConvertedValueLocal                  0x20000410   Data          12  adc.o(.bss)
    USART_RX_BUF                             0x2000041c   Data         100  usart.o(.bss)
    USART_TX_BUF                             0x20000480   Data         100  usart.o(.bss)
    USART2_RX_BUF                            0x200004e4   Data          32  usart.o(.bss)
    USART2_RX_DEAL                           0x20000504   Data          18  usart.o(.bss)
    USART2_TX_BUF                            0x20000516   Data          64  usart.o(.bss)
    USART3_RX_BUF                            0x20000556   Data          32  usart.o(.bss)
    USART3_RX_DEAL                           0x20000576   Data          18  usart.o(.bss)
    USART3_TX_BUF                            0x20000588   Data          64  usart.o(.bss)
    UART4_RX_BUF                             0x200005c8   Data          16  usart.o(.bss)
    UART4_RX_DEAL                            0x200005d8   Data          16  usart.o(.bss)
    UART4_TX_BUF                             0x200005e8   Data          16  usart.o(.bss)
    UART5_RX_BUF                             0x200005f8   Data         200  usart.o(.bss)
    UART5_RX_DEAL                            0x200006c0   Data          16  usart.o(.bss)
    UART5_TX_BUF                             0x200006d0   Data          16  usart.o(.bss)
    __heap_base                              0x200006e0   Data           0  startup_stm32f10x_hd.o(HEAP)
    __heap_limit                             0x200008e0   Data           0  startup_stm32f10x_hd.o(HEAP)
    __initial_sp                             0x200010e0   Data           0  startup_stm32f10x_hd.o(STACK)



==============================================================================

Memory Map of the image

  Image Entry point : 0x08000131

  Load Region LR_IROM1 (Base: 0x08000000, Size: 0x00007504, Max: 0x00040000, ABSOLUTE, COMPRESSED[0x0000745c])

    Execution Region ER_IROM1 (Exec base: 0x08000000, Load base: 0x08000000, Size: 0x000073d4, Max: 0x00040000, ABSOLUTE)

    Exec Addr    Load Addr    Size         Type   Attr      Idx    E Section Name        Object

    0x08000000   0x08000000   0x00000130   Data   RO          386    RESET               startup_stm32f10x_hd.o
    0x08000130   0x08000130   0x00000000   Code   RO          556  * .ARM.Collect$$$$00000000  mc_w.l(entry.o)
    0x08000130   0x08000130   0x00000004   Code   RO          870    .ARM.Collect$$$$00000001  mc_w.l(entry2.o)
    0x08000134   0x08000134   0x00000004   Code   RO          873    .ARM.Collect$$$$00000004  mc_w.l(entry5.o)
    0x08000138   0x08000138   0x00000000   Code   RO          875    .ARM.Collect$$$$00000008  mc_w.l(entry7b.o)
    0x08000138   0x08000138   0x00000000   Code   RO          877    .ARM.Collect$$$$0000000A  mc_w.l(entry8b.o)
    0x08000138   0x08000138   0x00000008   Code   RO          878    .ARM.Collect$$$$0000000B  mc_w.l(entry9a.o)
    0x08000140   0x08000140   0x00000000   Code   RO          880    .ARM.Collect$$$$0000000D  mc_w.l(entry10a.o)
    0x08000140   0x08000140   0x00000000   Code   RO          882    .ARM.Collect$$$$0000000F  mc_w.l(entry11a.o)
    0x08000140   0x08000140   0x00000004   Code   RO          871    .ARM.Collect$$$$00002712  mc_w.l(entry2.o)
    0x08000144   0x08000144   0x0000111c   Code   RO            1    .text               main.o
    0x08001260   0x08001260   0x000001e0   Code   RO          148    .text               system_stm32f10x.o
    0x08001440   0x08001440   0x000000fc   Code   RO          188    .text               gpio.o
    0x0800153c   0x0800153c   0x000001e0   Code   RO          200    .text               timer.o
    0x0800171c   0x0800171c   0x00000194   Code   RO          220    .text               adc.o
    0x080018b0   0x080018b0   0x000000fc   Code   RO          239    .text               flash.o
    0x080019ac   0x080019ac   0x00000548   Code   RO          287    .text               mqtt.o
    0x08001ef4   0x08001ef4   0x000000c4   Code   RO          316    .text               delay.o
    0x08001fb8   0x08001fb8   0x00000988   Code   RO          347    .text               usart.o
    0x08002940   0x08002940   0x00000024   Code   RO          387    .text               startup_stm32f10x_hd.o
    0x08002964   0x08002964   0x000000dc   Code   RO          391    .text               misc.o
    0x08002a40   0x08002a40   0x0000044e   Code   RO          403    .text               stm32f10x_adc.o
    0x08002e8e   0x08002e8e   0x00000002   PAD
    0x08002e90   0x08002e90   0x0000035c   Code   RO          415    .text               stm32f10x_gpio.o
    0x080031ec   0x080031ec   0x000003a4   Code   RO          427    .text               stm32f10x_rcc.o
    0x08003590   0x08003590   0x00000e1a   Code   RO          441    .text               stm32f10x_tim.o
    0x080043aa   0x080043aa   0x00000002   PAD
    0x080043ac   0x080043ac   0x00000408   Code   RO          453    .text               stm32f10x_usart.o
    0x080047b4   0x080047b4   0x00000254   Code   RO          477    .text               stm32f10x_dma.o
    0x08004a08   0x08004a08   0x000005bc   Code   RO          489    .text               stm32f10x_flash.o
    0x08004fc4   0x08004fc4   0x00000c74   Code   RO          513    .text               mqttkit.o
    0x08005c38   0x08005c38   0x0000069a   Code   RO          537    .text               dstream.o
    0x080062d2   0x080062d2   0x00000024   Code   RO          559    .text               mc_w.l(memcpya.o)
    0x080062f6   0x080062f6   0x00000024   Code   RO          561    .text               mc_w.l(memseta.o)
    0x0800631a   0x0800631a   0x00000024   Code   RO          563    .text               mc_w.l(strstr.o)
    0x0800633e   0x0800633e   0x00000014   Code   RO          565    .text               mc_w.l(strchr.o)
    0x08006352   0x08006352   0x0000000e   Code   RO          567    .text               mc_w.l(strlen.o)
    0x08006360   0x08006360   0x00000028   Code   RO          569    .text               mc_w.l(strncat.o)
    0x08006388   0x08006388   0x000000de   Code   RO          862    .text               mf_w.l(ddiv.o)
    0x08006466   0x08006466   0x0000001a   Code   RO          864    .text               mf_w.l(dfltui.o)
    0x08006480   0x08006480   0x00000032   Code   RO          866    .text               mf_w.l(dfixui.o)
    0x080064b2   0x080064b2   0x00000026   Code   RO          868    .text               mf_w.l(f2d.o)
    0x080064d8   0x080064d8   0x0000002c   Code   RO          884    .text               mc_w.l(uidiv.o)
    0x08006504   0x08006504   0x00000062   Code   RO          886    .text               mc_w.l(uldiv.o)
    0x08006566   0x08006566   0x00000020   Code   RO          888    .text               mc_w.l(llushr.o)
    0x08006586   0x08006586   0x00000000   Code   RO          892    .text               mc_w.l(iusefp.o)
    0x08006586   0x08006586   0x000000ba   Code   RO          893    .text               mf_w.l(depilogue.o)
    0x08006640   0x08006640   0x0000014e   Code   RO          895    .text               mf_w.l(dadd.o)
    0x0800678e   0x0800678e   0x000000e4   Code   RO          897    .text               mf_w.l(dmul.o)
    0x08006872   0x08006872   0x00000030   Code   RO          899    .text               mf_w.l(dfixul.o)
    0x080068a2   0x080068a2   0x00000002   PAD
    0x080068a4   0x080068a4   0x00000030   Code   RO          901    .text               mf_w.l(cdrcmple.o)
    0x080068d4   0x080068d4   0x00000024   Code   RO          903    .text               mc_w.l(init.o)
    0x080068f8   0x080068f8   0x0000001e   Code   RO          905    .text               mc_w.l(llshl.o)
    0x08006916   0x08006916   0x00000024   Code   RO          907    .text               mc_w.l(llsshr.o)
    0x0800693a   0x0800693a   0x00000056   Code   RO          917    .text               mc_w.l(__dczerorl2.o)
    0x08006990   0x08006990   0x00000028   Code   RO          807    i.__0snprintf       mc_w.l(printfa.o)
    0x080069b8   0x080069b8   0x0000000e   Code   RO          911    i.__scatterload_copy  mc_w.l(handlers.o)
    0x080069c6   0x080069c6   0x00000002   Code   RO          912    i.__scatterload_null  mc_w.l(handlers.o)
    0x080069c8   0x080069c8   0x0000000e   Code   RO          913    i.__scatterload_zeroinit  mc_w.l(handlers.o)
    0x080069d6   0x080069d6   0x00000002   PAD
    0x080069d8   0x080069d8   0x00000164   Code   RO          813    i._fp_digits        mc_w.l(printfa.o)
    0x08006b3c   0x08006b3c   0x000006dc   Code   RO          814    i._printf_core      mc_w.l(printfa.o)
    0x08007218   0x08007218   0x00000024   Code   RO          815    i._printf_post_padding  mc_w.l(printfa.o)
    0x0800723c   0x0800723c   0x0000002e   Code   RO          816    i._printf_pre_padding  mc_w.l(printfa.o)
    0x0800726a   0x0800726a   0x00000016   Code   RO          817    i._snputc           mc_w.l(printfa.o)
    0x08007280   0x08007280   0x00000050   Code   RO          834    i.free              mc_w.l(malloc.o)
    0x080072d0   0x080072d0   0x0000006c   Code   RO          835    i.malloc            mc_w.l(malloc.o)
    0x0800733c   0x0800733c   0x00000078   Data   RO          288    .conststring        mqtt.o
    0x080073b4   0x080073b4   0x00000020   Data   RO          909    Region$$Table       anon$$obj.o


    Execution Region RW_IRAM1 (Exec base: 0x20000000, Load base: 0x080073d4, Size: 0x000010e0, Max: 0x0000c000, ABSOLUTE, COMPRESSED[0x00000088])

    Exec Addr    Load Addr    Size         Type   Attr      Idx    E Section Name        Object

    0x20000000   COMPRESSED   0x00000007   Data   RW            4    .data               main.o
    0x20000007   COMPRESSED   0x00000001   PAD
    0x20000008   COMPRESSED   0x00000014   Data   RW          149    .data               system_stm32f10x.o
    0x2000001c   COMPRESSED   0x0000000e   Data   RW          202    .data               timer.o
    0x2000002a   COMPRESSED   0x0000001a   Data   RW          222    .data               adc.o
    0x20000044   COMPRESSED   0x000000a9   Data   RW          289    .data               mqtt.o
    0x200000ed   COMPRESSED   0x00000001   PAD
    0x200000ee   COMPRESSED   0x00000004   Data   RW          317    .data               delay.o
    0x200000f2   COMPRESSED   0x00000002   PAD
    0x200000f4   COMPRESSED   0x00000020   Data   RW          349    .data               usart.o
    0x20000114   COMPRESSED   0x00000014   Data   RW          428    .data               stm32f10x_rcc.o
    0x20000128   COMPRESSED   0x00000004   Data   RW          890    .data               mc_w.l(mvars.o)
    0x2000012c   COMPRESSED   0x00000004   Data   RW          891    .data               mc_w.l(mvars.o)
    0x20000130        -       0x00000213   Zero   RW            2    .bss                main.o
    0x20000343   COMPRESSED   0x00000001   PAD
    0x20000344        -       0x00000040   Zero   RW          201    .bss                timer.o
    0x20000384        -       0x00000098   Zero   RW          221    .bss                adc.o
    0x2000041c        -       0x000002c4   Zero   RW          348    .bss                usart.o
    0x200006e0        -       0x00000200   Zero   RW          385    HEAP                startup_stm32f10x_hd.o
    0x200008e0        -       0x00000800   Zero   RW          384    STACK               startup_stm32f10x_hd.o


==============================================================================

Image component sizes


      Code (inc. data)   RO Data    RW Data    ZI Data      Debug   Object Name

       404         24          0         26        152       2617   adc.o
       196         10          0          4          0       1011   delay.o
      1690        192          0          0          0       3161   dstream.o
       252          0          0          0          0       2151   flash.o
       252         22          0          0          0        578   gpio.o
      4380        266          0          7        531     283051   main.o
       220         22          0          0          0       1797   misc.o
      1352        306        120        169          0       6635   mqtt.o
      3188         26          0          0          0      13556   mqttkit.o
        36          8        304          0       2560        788   startup_stm32f10x_hd.o
      1102         26          0          0          0      10833   stm32f10x_adc.o
       596          8          0          0          0       4326   stm32f10x_dma.o
      1468         34          0          0          0       8030   stm32f10x_flash.o
       860         38          0          0          0       5641   stm32f10x_gpio.o
       932         36          0         20          0       8812   stm32f10x_rcc.o
      3610         88          0          0          0      22128   stm32f10x_tim.o
      1032         22          0          0          0       8368   stm32f10x_usart.o
         0          0          0          0          0         32   sys.o
       480         38          0         20          0       1731   system_stm32f10x.o
       480         40          0         14         64       2366   timer.o
      2440        250          0         32        708       9475   usart.o

    ----------------------------------------------------------------------
     24974       1456        456        296       4016     397087   Object Totals
         0          0         32          0          0          0   (incl. Generated)
         4          0          0          4          1          0   (incl. Padding)

    ----------------------------------------------------------------------

      Code (inc. data)   RO Data    RW Data    ZI Data      Debug   Library Member Name

        86          0          0          0          0          0   __dczerorl2.o
         0          0          0          0          0          0   entry.o
         0          0          0          0          0          0   entry10a.o
         0          0          0          0          0          0   entry11a.o
         8          4          0          0          0          0   entry2.o
         4          0          0          0          0          0   entry5.o
         0          0          0          0          0          0   entry7b.o
         0          0          0          0          0          0   entry8b.o
         8          4          0          0          0          0   entry9a.o
        30          0          0          0          0          0   handlers.o
        36          8          0          0          0         68   init.o
         0          0          0          0          0          0   iusefp.o
        30          0          0          0          0         68   llshl.o
        36          0          0          0          0         68   llsshr.o
        32          0          0          0          0         68   llushr.o
       188         20          0          0          0        160   malloc.o
        36          0          0          0          0         68   memcpya.o
        36          0          0          0          0        108   memseta.o
         0          0          0          8          0          0   mvars.o
      2256         84          0          0          0        512   printfa.o
        20          0          0          0          0         68   strchr.o
        14          0          0          0          0         68   strlen.o
        40          0          0          0          0         76   strncat.o
        36          0          0          0          0         80   strstr.o
        44          0          0          0          0         80   uidiv.o
        98          0          0          0          0         92   uldiv.o
        48          0          0          0          0         68   cdrcmple.o
       334          0          0          0          0        148   dadd.o
       222          0          0          0          0        100   ddiv.o
       186          0          0          0          0        176   depilogue.o
        50          0          0          0          0         76   dfixui.o
        48          0          0          0          0         68   dfixul.o
        26          0          0          0          0         76   dfltui.o
       228          0          0          0          0         96   dmul.o
        38          0          0          0          0         68   f2d.o

    ----------------------------------------------------------------------
      4222        120          0          8          0       2460   Library Totals
         4          0          0          0          0          0   (incl. Padding)

    ----------------------------------------------------------------------

      Code (inc. data)   RO Data    RW Data    ZI Data      Debug   Library Name

      3038        120          0          8          0       1584   mc_w.l
      1180          0          0          0          0        876   mf_w.l

    ----------------------------------------------------------------------
      4222        120          0          8          0       2460   Library Totals

    ----------------------------------------------------------------------

==============================================================================


      Code (inc. data)   RO Data    RW Data    ZI Data      Debug   

     29196       1576        456        304       4016     396399   Grand Totals
     29196       1576        456        136       4016     396399   ELF Image Totals (compressed)
     29196       1576        456        136          0          0   ROM Totals

==============================================================================

    Total RO  Size (Code + RO Data)                29652 (  28.96kB)
    Total RW  Size (RW Data + ZI Data)              4320 (   4.22kB)
    Total ROM Size (Code + RO Data + RW Data)      29788 (  29.09kB)

==============================================================================

