<html>
<body>
<pre>
<h1>礦ision Build Log</h1>
<h2>Tool Versions:</h2>
IDE-Version: μVision V5.14.0.0
Copyright (C) 2015 ARM Ltd and ARM Germany GmbH. All rights reserved.
License Information: jia 89298, jia, LIC=CRMNN-YEFAP-LUR4M-X1X2X-U9XM8-LTGF0
 
Tool Versions:
Toolchain:       MDK-ARM Professional  Version: 5.14.0.0
Toolchain Path:  D:\Program FilesKeil_v5\ARM\ARMCC\Bin
C Compiler:      Armcc.exe V5.05 update 1 (build 106)
Assembler:       Armasm.exe V5.05 update 1 (build 106)
Linker/Locator:  ArmLink.exe V5.05 update 1 (build 106)
Library Manager: ArmAr.exe V5.05 update 1 (build 106)
Hex Converter:   FromElf.exe V5.05 update 1 (build 106)
CPU DLL:         SARMCM3.DLL V5.14.0.0
Dialog DLL:      DCM.DLL V1.13.1.0
Target DLL:      STLink\ST-LINKIII-KEIL_SWO.dll V2.0.14.0_KEIL
Dialog DLL:      TCM.DLL V1.14.4.0
 
<h2>Project:</h2>
F:\desk\Work\胡桃项目\C\MasterControl\MasterControl\USER\MasterControl.uvprojx
Project File Date:  08/27/2019

<h2>Output:</h2>
Build target 'DishWasher'
compiling mqtt.c...
mqtt.c(218): warning:  #177-D: variable "prt" was declared but never referenced
  volatile unsigned char *prt=0;
mqtt.c(768): warning:  #1-D: last line of file ends without a newline
  }
mqtt.c: 2 warnings, 0 errors
linking...
Program Size: Code=32816 RO-data=548 RW-data=464 ZI-data=4536  
".\Objects\DishWasher.axf" - 0 Error(s), 2 Warning(s).

<h2>Collection of Component include folders:</h2>
  F:\desk\Work\胡桃项目\C\MasterControl\MasterControl\USER\RTE
  D:\Program FilesKeil_v5\ARM\PACK\Keil\STM32F1xx_DFP\1.0.5\Device\Include

<h2>Collection of Component Files used:</h2>
</pre>
</body>
</html>
